Archive member included to satisfy reference by file (symbol)

c:/program files/microchip/xc32/v4.21/bin/bin/../../lib/gcc/pic32c/8.3.1/../../../../pic32c/lib/thumb/v6-m/nofp\libpic32c.a(data_init_wrapper.o)
                              build/default/production/_ext/1171490990/startup_xc32.o (__pic32c_data_initialization)
c:/program files/microchip/xc32/v4.21/bin/bin/../../lib/gcc/pic32c/8.3.1/../../../../pic32c/lib/thumb/v6-m/nofp\libpic32c.a(data_init_0_1.o)
                              c:/program files/microchip/xc32/v4.21/bin/bin/../../lib/gcc/pic32c/8.3.1/../../../../pic32c/lib/thumb/v6-m/nofp\libpic32c.a(data_init_wrapper.o) (__pic32c_data_initialization_impl)
c:/program files/microchip/xc32/v4.21/bin/bin/../../lib/gcc/pic32c/8.3.1/../../../../pic32c/lib/thumb/v6-m/nofp\libc-musl.a(__libc_start_main.o)
                              build/default/production/_ext/1171490990/startup_xc32.o (__libc_init_array)
c:/program files/microchip/xc32/v4.21/bin/bin/../../lib/gcc/pic32c/8.3.1/../../../../pic32c/lib/thumb/v6-m/nofp\libc-musl.a(libc.o)
                              c:/program files/microchip/xc32/v4.21/bin/bin/../../lib/gcc/pic32c/8.3.1/../../../../pic32c/lib/thumb/v6-m/nofp\libc-musl.a(__libc_start_main.o) (__progname_full)
c:/program files/microchip/xc32/v4.21/bin/bin/../../lib/gcc/pic32c/8.3.1/../../../../pic32c/lib/thumb/v6-m/nofp\libc-musl.a(memcpy.o)
                              build/default/production/_ext/1593096446/plib_nvmctrl.o (memcpy)
c:/program files/microchip/xc32/v4.21/bin/bin/../../lib/gcc/pic32c/8.3.1/../../../../pic32c/lib/thumb/v6-m/nofp\libc-musl.a(__environ.o)
                              c:/program files/microchip/xc32/v4.21/bin/bin/../../lib/gcc/pic32c/8.3.1/../../../../pic32c/lib/thumb/v6-m/nofp\libc-musl.a(__libc_start_main.o) (__environ)
c:/program files/microchip/xc32/v4.21/bin/bin/../../lib/gcc/pic32c/8.3.1/thumb/v6-m/nofp\libgcc.a(_aeabi_uldivmod.o)
                              build/default/production/_ext/504274921/plib_sercom0_usart.o (__aeabi_uldivmod)
c:/program files/microchip/xc32/v4.21/bin/bin/../../lib/gcc/pic32c/8.3.1/thumb/v6-m/nofp\libgcc.a(_udivmoddi4.o)
                              c:/program files/microchip/xc32/v4.21/bin/bin/../../lib/gcc/pic32c/8.3.1/thumb/v6-m/nofp\libgcc.a(_aeabi_uldivmod.o) (__udivmoddi4)
c:/program files/microchip/xc32/v4.21/bin/bin/../../lib/gcc/pic32c/8.3.1/thumb/v6-m/nofp\libgcc.a(_dvmd_tls.o)
                              c:/program files/microchip/xc32/v4.21/bin/bin/../../lib/gcc/pic32c/8.3.1/thumb/v6-m/nofp\libgcc.a(_aeabi_uldivmod.o) (__aeabi_ldiv0)
c:/program files/microchip/xc32/v4.21/bin/bin/../../lib/gcc/pic32c/8.3.1/thumb/v6-m/nofp\libgcc.a(_lshrdi3.o)
                              c:/program files/microchip/xc32/v4.21/bin/bin/../../lib/gcc/pic32c/8.3.1/thumb/v6-m/nofp\libgcc.a(_udivmoddi4.o) (__aeabi_llsr)
c:/program files/microchip/xc32/v4.21/bin/bin/../../lib/gcc/pic32c/8.3.1/thumb/v6-m/nofp\libgcc.a(_ashldi3.o)
                              c:/program files/microchip/xc32/v4.21/bin/bin/../../lib/gcc/pic32c/8.3.1/thumb/v6-m/nofp\libgcc.a(_udivmoddi4.o) (__aeabi_llsl)
c:/program files/microchip/xc32/v4.21/bin/bin/../../lib/gcc/pic32c/8.3.1/thumb/v6-m/nofp\libgcc.a(_clzdi2.o)
                              c:/program files/microchip/xc32/v4.21/bin/bin/../../lib/gcc/pic32c/8.3.1/thumb/v6-m/nofp\libgcc.a(_udivmoddi4.o) (__clzdi2)
c:/program files/microchip/xc32/v4.21/bin/bin/../../lib/gcc/pic32c/8.3.1/thumb/v6-m/nofp\libgcc.a(_clzsi2.o)
                              c:/program files/microchip/xc32/v4.21/bin/bin/../../lib/gcc/pic32c/8.3.1/thumb/v6-m/nofp\libgcc.a(_clzdi2.o) (__clzsi2)

Microchip PIC32 Memory-Usage Report

ROM Program-Memory Usage
section                    address  length [bytes]      (dec)  Description
-------                 ----------  -------------------------  -----------
.vectors                         0           0xb8         184   
.text                         0xb8           0x20          32  App's exec code 
.text.SERCOM0_USART_Int       0xd8          0x16c         364   
.text.SERCOM5_USART_Int      0x244          0x16c         364   
.text.DMAC_ChannelTrans      0x3b0           0xc8         200   
.dinit                       0x478           0xb0         176   
.text.CLOCK_Initialize       0x528           0x94         148   
.text.DMAC_InterruptHan      0x5bc           0x7c         124   
.text.SERCOM5_USART_Wri      0x638           0x74         116   
.text.__pic32c_data_ini      0x6ac           0x70         112   
.text.__libc_start_init      0x71c           0x5c          92   
.text.NVIC_Initialize        0x778           0x58          88   
.text.DMAC_Initialize        0x7d0           0x58          88   
.text.SERCOM0_USART_Ini      0x828           0x54          84   
.text.SERCOM5_USART_Ini      0x87c           0x54          84   
.text                        0x8d0           0x48          72  App's exec code 
.text.Reset_Handler          0x918           0x48          72   
.text.SERCOM0_USART_Rea      0x960           0x44          68   
.text.main                   0x9a4           0x3c          60   
.text.APP_Callback           0x9e0           0x38          56   
.text.SERCOM0_USART_Err      0xa18           0x2c          44   
.text.SYS_Initialize         0xa44           0x2c          44   
.text.PORT_Initialize        0xa70           0x2c          44   
.text.SERCOM5_USART_Err      0xa9c           0x2c          44   
.text.DMAC_ChannelCallb      0xac8           0x10          16   
.text.NVMCTRL_Initializ      0xad8            0xc          12   
.text.__pic32c_data_ini      0xae4            0x8           8   
.text.Dummy_Handler          0xaec            0x2           2   
.text.NonMaskableInt_Ha      0xaee            0x2           2   
.text.HardFault_Handler      0xaf0            0x2           2   
.text.Dummy_App_Func         0xaf2            0x2           2   
.text.__dummy                0xaf4            0x2           2   
      Total ROM used  :       0xaf6        2806  2.1% of 0x20000
        --------------------------------------------------------------------------
         Total Program Memory used  :       0xaf6        2806  2.1% of 0x20000
        --------------------------------------------------------------------------


RAM Data-Memory Usage
section                    address  length [bytes]      (dec)  Description
-------                 ----------  -------------------------  -----------
.bss                    0x20000000           0x50          80  Uninitialized data 
.bss.sercom0USARTObj    0x20000050           0x30          48   
.bss.sercom5USARTObj    0x20000080           0x30          48   
.bss                    0x200000b0           0x1c          28  Uninitialized data 
.bss                    0x200000cc            0x4           4  Uninitialized data 
.bss.descriptor_section 0x200000d0           0x10          16   
.bss.dmacChannelObj     0x200000e0           0x10          16   
.bss.write_back_section 0x200000f0           0x10          16   
.bss.RX_DATA            0x20000100            0x5           5   
.bss.completeStatus     0x20000105            0x1           1   
.bss.errorStatus        0x20000106            0x1           1   
.bss.RX_DATA2           0x20000108            0x5           5   
.bss                    0x20000110            0x4           4  Uninitialized data 
         Total RAM used  :       0x110         272  1.7% of 0x4000
        --------------------------------------------------------------------------
            Total Data Memory used  :       0x110         272  1.7% of 0x4000
        --------------------------------------------------------------------------


Dynamic Data-Memory Reservation
section                    address  length [bytes]      (dec)  Description
-------                 ----------  -------------------------  -----------
heap                    0x20000118          0x200         512  Reserved for heap 
stack                   0x20000330         0x3cc0       15552  Reserved for stack 

        --------------------------------------------------------------------------

Discarded input sections

 .text          0x00000000        0x0 c:/program files/microchip/xc32/v4.21/bin/bin/../../lib/gcc/pic32c/8.3.1/thumb/v6-m/nofp/crti.o
 .data          0x00000000        0x0 c:/program files/microchip/xc32/v4.21/bin/bin/../../lib/gcc/pic32c/8.3.1/thumb/v6-m/nofp/crti.o
 .bss           0x00000000        0x0 c:/program files/microchip/xc32/v4.21/bin/bin/../../lib/gcc/pic32c/8.3.1/thumb/v6-m/nofp/crti.o
 .xc_stack_usage.hdr
                0x00000000        0xe c:/program files/microchip/xc32/v4.21/bin/bin/../../lib/gcc/pic32c/8.3.1/thumb/v6-m/nofp/crti.o
 .xc_stack_usage
                0x00000000       0x26 c:/program files/microchip/xc32/v4.21/bin/bin/../../lib/gcc/pic32c/8.3.1/thumb/v6-m/nofp/crti.o
 .data          0x00000000        0x4 c:/program files/microchip/xc32/v4.21/bin/bin/../../lib/gcc/pic32c/8.3.1/thumb/v6-m/nofp/crtbegin.o
 .xc_stack_usage
                0x00000000       0x3c c:/program files/microchip/xc32/v4.21/bin/bin/../../lib/gcc/pic32c/8.3.1/thumb/v6-m/nofp/crtbegin.o
 .xc_stack_usage.hdr
                0x00000000        0xe c:/program files/microchip/xc32/v4.21/bin/bin/../../lib/gcc/pic32c/8.3.1/thumb/v6-m/nofp/crtbegin.o
 .text          0x00000000        0x0 build/default/production/_ext/1593096446/plib_nvmctrl.o
 .data          0x00000000        0x0 build/default/production/_ext/1593096446/plib_nvmctrl.o
 .bss           0x00000000        0x0 build/default/production/_ext/1593096446/plib_nvmctrl.o
 .text.NVMCTRL_CacheInvalidate
                0x00000000       0x10 build/default/production/_ext/1593096446/plib_nvmctrl.o
 .text.NVMCTRL_RWWEEPROM_Read
                0x00000000       0x10 build/default/production/_ext/1593096446/plib_nvmctrl.o
 .text.NVMCTRL_RWWEEPROM_PageWrite
                0x00000000       0x28 build/default/production/_ext/1593096446/plib_nvmctrl.o
 .text.NVMCTRL_RWWEEPROM_RowErase
                0x00000000       0x18 build/default/production/_ext/1593096446/plib_nvmctrl.o
 .text.NVMCTRL_Read
                0x00000000       0x10 build/default/production/_ext/1593096446/plib_nvmctrl.o
 .text.NVMCTRL_PageBufferWrite
                0x00000000       0x14 build/default/production/_ext/1593096446/plib_nvmctrl.o
 .text.NVMCTRL_PageBufferCommit
                0x00000000       0x30 build/default/production/_ext/1593096446/plib_nvmctrl.o
 .text.NVMCTRL_PageWrite
                0x00000000       0x28 build/default/production/_ext/1593096446/plib_nvmctrl.o
 .text.NVMCTRL_RowErase
                0x00000000       0x18 build/default/production/_ext/1593096446/plib_nvmctrl.o
 .text.NVMCTRL_USER_ROW_PageWrite
                0x00000000       0x38 build/default/production/_ext/1593096446/plib_nvmctrl.o
 .text.NVMCTRL_USER_ROW_RowErase
                0x00000000       0x2c build/default/production/_ext/1593096446/plib_nvmctrl.o
 .text.NVMCTRL_ErrorGet
                0x00000000       0x18 build/default/production/_ext/1593096446/plib_nvmctrl.o
 .text.NVMCTRL_IsBusy
                0x00000000       0x14 build/default/production/_ext/1593096446/plib_nvmctrl.o
 .text.NVMCTRL_RegionLock
                0x00000000       0x14 build/default/production/_ext/1593096446/plib_nvmctrl.o
 .text.NVMCTRL_RegionUnlock
                0x00000000       0x14 build/default/production/_ext/1593096446/plib_nvmctrl.o
 .text.NVMCTRL_SecurityBitSet
                0x00000000       0x10 build/default/production/_ext/1593096446/plib_nvmctrl.o
 .text          0x00000000        0x0 build/default/production/_ext/1986646378/plib_evsys.o
 .data          0x00000000        0x0 build/default/production/_ext/1986646378/plib_evsys.o
 .bss           0x00000000        0x0 build/default/production/_ext/1986646378/plib_evsys.o
 .text.EVSYS_Initialize
                0x00000000        0x2 build/default/production/_ext/1986646378/plib_evsys.o
 .debug_info    0x00000000      0x32b build/default/production/_ext/1986646378/plib_evsys.o
 .debug_abbrev  0x00000000       0x3b build/default/production/_ext/1986646378/plib_evsys.o
 .debug_aranges
                0x00000000       0x20 build/default/production/_ext/1986646378/plib_evsys.o
 .debug_ranges  0x00000000       0x10 build/default/production/_ext/1986646378/plib_evsys.o
 .debug_line    0x00000000       0x66 build/default/production/_ext/1986646378/plib_evsys.o
 .debug_str     0x00000000        0x0 build/default/production/_ext/1986646378/plib_evsys.o
 .comment       0x00000000       0x2c build/default/production/_ext/1986646378/plib_evsys.o
 .debug_frame   0x00000000       0x20 build/default/production/_ext/1986646378/plib_evsys.o
 .ARM.attributes
                0x00000000       0x2c build/default/production/_ext/1986646378/plib_evsys.o
 .text          0x00000000        0x0 build/default/production/_ext/504274921/plib_sercom0_usart.o
 .data          0x00000000        0x0 build/default/production/_ext/504274921/plib_sercom0_usart.o
 .bss           0x00000000        0x0 build/default/production/_ext/504274921/plib_sercom0_usart.o
 .text.SERCOM0_USART_FrequencyGet
                0x00000000        0x8 build/default/production/_ext/504274921/plib_sercom0_usart.o
 .text.SERCOM0_USART_SerialSetup
                0x00000000      0x138 build/default/production/_ext/504274921/plib_sercom0_usart.o
 .text.SERCOM0_USART_ErrorGet
                0x00000000       0x10 build/default/production/_ext/504274921/plib_sercom0_usart.o
 .text.SERCOM0_USART_TransmitterEnable
                0x00000000       0x18 build/default/production/_ext/504274921/plib_sercom0_usart.o
 .text.SERCOM0_USART_TransmitterDisable
                0x00000000       0x1c build/default/production/_ext/504274921/plib_sercom0_usart.o
 .text.SERCOM0_USART_Write
                0x00000000       0x74 build/default/production/_ext/504274921/plib_sercom0_usart.o
 .text.SERCOM0_USART_WriteIsBusy
                0x00000000        0xc build/default/production/_ext/504274921/plib_sercom0_usart.o
 .text.SERCOM0_USART_WriteCountGet
                0x00000000        0xc build/default/production/_ext/504274921/plib_sercom0_usart.o
 .text.SERCOM0_USART_WriteCallbackRegister
                0x00000000        0xc build/default/production/_ext/504274921/plib_sercom0_usart.o
 .text.SERCOM0_USART_TransmitComplete
                0x00000000       0x10 build/default/production/_ext/504274921/plib_sercom0_usart.o
 .text.SERCOM0_USART_ReceiverEnable
                0x00000000       0x18 build/default/production/_ext/504274921/plib_sercom0_usart.o
 .text.SERCOM0_USART_ReceiverDisable
                0x00000000       0x1c build/default/production/_ext/504274921/plib_sercom0_usart.o
 .text.SERCOM0_USART_ReadIsBusy
                0x00000000       0x10 build/default/production/_ext/504274921/plib_sercom0_usart.o
 .text.SERCOM0_USART_ReadCountGet
                0x00000000        0xc build/default/production/_ext/504274921/plib_sercom0_usart.o
 .text.SERCOM0_USART_ReadAbort
                0x00000000       0x28 build/default/production/_ext/504274921/plib_sercom0_usart.o
 .text.SERCOM0_USART_ReadCallbackRegister
                0x00000000        0xc build/default/production/_ext/504274921/plib_sercom0_usart.o
 .text          0x00000000        0x0 build/default/production/_ext/1360937237/main.o
 .data          0x00000000        0x0 build/default/production/_ext/1360937237/main.o
 .bss           0x00000000        0x0 build/default/production/_ext/1360937237/main.o
 .text          0x00000000        0x0 build/default/production/_ext/1171490990/initialization.o
 .data          0x00000000        0x0 build/default/production/_ext/1171490990/initialization.o
 .bss           0x00000000        0x0 build/default/production/_ext/1171490990/initialization.o
 .text          0x00000000        0x0 build/default/production/_ext/1171490990/interrupts.o
 .data          0x00000000        0x0 build/default/production/_ext/1171490990/interrupts.o
 .bss           0x00000000        0x0 build/default/production/_ext/1171490990/interrupts.o
 .text          0x00000000        0x0 build/default/production/_ext/1171490990/exceptions.o
 .data          0x00000000        0x0 build/default/production/_ext/1171490990/exceptions.o
 .bss           0x00000000        0x0 build/default/production/_ext/1171490990/exceptions.o
 .text          0x00000000        0x0 build/default/production/_ext/163028504/xc32_monitor.o
 .data          0x00000000        0x0 build/default/production/_ext/163028504/xc32_monitor.o
 .bss           0x00000000        0x0 build/default/production/_ext/163028504/xc32_monitor.o
 .text.read     0x00000000        0x6 build/default/production/_ext/163028504/xc32_monitor.o
 .text.write    0x00000000        0x6 build/default/production/_ext/163028504/xc32_monitor.o
 .debug_info    0x00000000      0x335 build/default/production/_ext/163028504/xc32_monitor.o
 .debug_abbrev  0x00000000       0x96 build/default/production/_ext/163028504/xc32_monitor.o
 .debug_loc     0x00000000       0x4a build/default/production/_ext/163028504/xc32_monitor.o
 .debug_aranges
                0x00000000       0x28 build/default/production/_ext/163028504/xc32_monitor.o
 .debug_ranges  0x00000000       0x18 build/default/production/_ext/163028504/xc32_monitor.o
 .debug_line    0x00000000       0xce build/default/production/_ext/163028504/xc32_monitor.o
 .debug_str     0x00000000        0x0 build/default/production/_ext/163028504/xc32_monitor.o
 .comment       0x00000000       0x2c build/default/production/_ext/163028504/xc32_monitor.o
 .debug_frame   0x00000000       0x30 build/default/production/_ext/163028504/xc32_monitor.o
 .ARM.attributes
                0x00000000       0x2c build/default/production/_ext/163028504/xc32_monitor.o
 .text          0x00000000        0x0 build/default/production/_ext/1865521619/plib_port.o
 .data          0x00000000        0x0 build/default/production/_ext/1865521619/plib_port.o
 .bss           0x00000000        0x0 build/default/production/_ext/1865521619/plib_port.o
 .text.PORT_GroupRead
                0x00000000        0x4 build/default/production/_ext/1865521619/plib_port.o
 .text.PORT_GroupWrite
                0x00000000        0xc build/default/production/_ext/1865521619/plib_port.o
 .text.PORT_GroupLatchRead
                0x00000000        0x4 build/default/production/_ext/1865521619/plib_port.o
 .text.PORT_GroupSet
                0x00000000        0x4 build/default/production/_ext/1865521619/plib_port.o
 .text.PORT_GroupClear
                0x00000000        0x4 build/default/production/_ext/1865521619/plib_port.o
 .text.PORT_GroupToggle
                0x00000000        0x4 build/default/production/_ext/1865521619/plib_port.o
 .text.PORT_GroupInputEnable
                0x00000000        0x4 build/default/production/_ext/1865521619/plib_port.o
 .text.PORT_GroupOutputEnable
                0x00000000        0x4 build/default/production/_ext/1865521619/plib_port.o
 .text.PORT_PinPeripheralFunctionConfig
                0x00000000       0x48 build/default/production/_ext/1865521619/plib_port.o
 .text.PORT_PinGPIOConfig
                0x00000000       0x20 build/default/production/_ext/1865521619/plib_port.o
 .text          0x00000000        0x0 build/default/production/_ext/1984496892/plib_clock.o
 .data          0x00000000        0x0 build/default/production/_ext/1984496892/plib_clock.o
 .bss           0x00000000        0x0 build/default/production/_ext/1984496892/plib_clock.o
 .text          0x00000000        0x0 build/default/production/_ext/1865468468/plib_nvic.o
 .data          0x00000000        0x0 build/default/production/_ext/1865468468/plib_nvic.o
 .bss           0x00000000        0x0 build/default/production/_ext/1865468468/plib_nvic.o
 .text.NVIC_INT_Enable
                0x00000000        0x8 build/default/production/_ext/1865468468/plib_nvic.o
 .text.NVIC_INT_Disable
                0x00000000       0x12 build/default/production/_ext/1865468468/plib_nvic.o
 .text.NVIC_INT_Restore
                0x00000000       0x14 build/default/production/_ext/1865468468/plib_nvic.o
 .text          0x00000000        0x0 build/default/production/_ext/1865161661/plib_dmac.o
 .data          0x00000000        0x0 build/default/production/_ext/1865161661/plib_dmac.o
 .bss           0x00000000        0x0 build/default/production/_ext/1865161661/plib_dmac.o
 .text.DMAC_ChannelIsBusy
                0x00000000       0x34 build/default/production/_ext/1865161661/plib_dmac.o
 .text.DMAC_ChannelTransferStatusGet
                0x00000000       0x28 build/default/production/_ext/1865161661/plib_dmac.o
 .text.DMAC_ChannelDisable
                0x00000000       0x3c build/default/production/_ext/1865161661/plib_dmac.o
 .text.DMAC_ChannelGetTransferredCount
                0x00000000       0x1c build/default/production/_ext/1865161661/plib_dmac.o
 .text.DMAC_LinkedListDescriptorSetup
                0x00000000       0x36 build/default/production/_ext/1865161661/plib_dmac.o
 .text.DMAC_ChannelLinkedListTransfer
                0x00000000       0x78 build/default/production/_ext/1865161661/plib_dmac.o
 .text.DMAC_ChannelSuspend
                0x00000000       0x28 build/default/production/_ext/1865161661/plib_dmac.o
 .text.DMAC_ChannelResume
                0x00000000       0x28 build/default/production/_ext/1865161661/plib_dmac.o
 .text.DMAC_ChannelSettingsGet
                0x00000000       0x10 build/default/production/_ext/1865161661/plib_dmac.o
 .text.DMAC_ChannelSettingsSet
                0x00000000       0x3c build/default/production/_ext/1865161661/plib_dmac.o
 .text.DMAC_CRCDisable
                0x00000000       0x14 build/default/production/_ext/1865161661/plib_dmac.o
 .text.DMAC_ChannelCRCSetup
                0x00000000       0x40 build/default/production/_ext/1865161661/plib_dmac.o
 .text.DMAC_CRCRead
                0x00000000        0xc build/default/production/_ext/1865161661/plib_dmac.o
 .text.DMAC_CRCCalculate
                0x00000000       0x88 build/default/production/_ext/1865161661/plib_dmac.o
 .text          0x00000000        0x0 build/default/production/_ext/1171490990/startup_xc32.o
 .data          0x00000000        0x0 build/default/production/_ext/1171490990/startup_xc32.o
 .bss           0x00000000        0x0 build/default/production/_ext/1171490990/startup_xc32.o
 .text          0x00000000        0x0 build/default/production/_ext/1171490990/libc_syscalls.o
 .data          0x00000000        0x0 build/default/production/_ext/1171490990/libc_syscalls.o
 .bss           0x00000000        0x0 build/default/production/_ext/1171490990/libc_syscalls.o
 .text._exit    0x00000000        0x2 build/default/production/_ext/1171490990/libc_syscalls.o
 .debug_info    0x00000000      0x31c build/default/production/_ext/1171490990/libc_syscalls.o
 .debug_abbrev  0x00000000       0x52 build/default/production/_ext/1171490990/libc_syscalls.o
 .debug_loc     0x00000000       0x15 build/default/production/_ext/1171490990/libc_syscalls.o
 .debug_aranges
                0x00000000       0x20 build/default/production/_ext/1171490990/libc_syscalls.o
 .debug_ranges  0x00000000       0x10 build/default/production/_ext/1171490990/libc_syscalls.o
 .debug_line    0x00000000       0x5b build/default/production/_ext/1171490990/libc_syscalls.o
 .debug_str     0x00000000        0x0 build/default/production/_ext/1171490990/libc_syscalls.o
 .comment       0x00000000       0x2c build/default/production/_ext/1171490990/libc_syscalls.o
 .debug_frame   0x00000000       0x20 build/default/production/_ext/1171490990/libc_syscalls.o
 .ARM.attributes
                0x00000000       0x2c build/default/production/_ext/1171490990/libc_syscalls.o
 .text          0x00000000        0x0 build/default/production/_ext/504274921/plib_sercom5_usart.o
 .data          0x00000000        0x0 build/default/production/_ext/504274921/plib_sercom5_usart.o
 .bss           0x00000000        0x0 build/default/production/_ext/504274921/plib_sercom5_usart.o
 .text.SERCOM5_USART_FrequencyGet
                0x00000000        0x8 build/default/production/_ext/504274921/plib_sercom5_usart.o
 .text.SERCOM5_USART_SerialSetup
                0x00000000      0x138 build/default/production/_ext/504274921/plib_sercom5_usart.o
 .text.SERCOM5_USART_ErrorGet
                0x00000000       0x10 build/default/production/_ext/504274921/plib_sercom5_usart.o
 .text.SERCOM5_USART_TransmitterEnable
                0x00000000       0x18 build/default/production/_ext/504274921/plib_sercom5_usart.o
 .text.SERCOM5_USART_TransmitterDisable
                0x00000000       0x1c build/default/production/_ext/504274921/plib_sercom5_usart.o
 .text.SERCOM5_USART_WriteIsBusy
                0x00000000        0xc build/default/production/_ext/504274921/plib_sercom5_usart.o
 .text.SERCOM5_USART_WriteCountGet
                0x00000000        0xc build/default/production/_ext/504274921/plib_sercom5_usart.o
 .text.SERCOM5_USART_WriteCallbackRegister
                0x00000000        0xc build/default/production/_ext/504274921/plib_sercom5_usart.o
 .text.SERCOM5_USART_TransmitComplete
                0x00000000       0x10 build/default/production/_ext/504274921/plib_sercom5_usart.o
 .text.SERCOM5_USART_ReceiverEnable
                0x00000000       0x18 build/default/production/_ext/504274921/plib_sercom5_usart.o
 .text.SERCOM5_USART_ReceiverDisable
                0x00000000       0x1c build/default/production/_ext/504274921/plib_sercom5_usart.o
 .text.SERCOM5_USART_Read
                0x00000000       0x44 build/default/production/_ext/504274921/plib_sercom5_usart.o
 .text.SERCOM5_USART_ReadIsBusy
                0x00000000       0x10 build/default/production/_ext/504274921/plib_sercom5_usart.o
 .text.SERCOM5_USART_ReadCountGet
                0x00000000        0xc build/default/production/_ext/504274921/plib_sercom5_usart.o
 .text.SERCOM5_USART_ReadAbort
                0x00000000       0x28 build/default/production/_ext/504274921/plib_sercom5_usart.o
 .text.SERCOM5_USART_ReadCallbackRegister
                0x00000000        0xc build/default/production/_ext/504274921/plib_sercom5_usart.o
 .text          0x00000000        0x0 c:/program files/microchip/xc32/v4.21/bin/bin/../../lib/gcc/pic32c/8.3.1/../../../../pic32c/lib/thumb/v6-m/nofp\libpic32c.a(data_init_wrapper.o)
 .data          0x00000000        0x0 c:/program files/microchip/xc32/v4.21/bin/bin/../../lib/gcc/pic32c/8.3.1/../../../../pic32c/lib/thumb/v6-m/nofp\libpic32c.a(data_init_wrapper.o)
 .bss           0x00000000        0x0 c:/program files/microchip/xc32/v4.21/bin/bin/../../lib/gcc/pic32c/8.3.1/../../../../pic32c/lib/thumb/v6-m/nofp\libpic32c.a(data_init_wrapper.o)
 .xc_stack_usage
                0x00000000       0x2a c:/program files/microchip/xc32/v4.21/bin/bin/../../lib/gcc/pic32c/8.3.1/../../../../pic32c/lib/thumb/v6-m/nofp\libpic32c.a(data_init_wrapper.o)
 .xc_stack_usage.hdr
                0x00000000        0xe c:/program files/microchip/xc32/v4.21/bin/bin/../../lib/gcc/pic32c/8.3.1/../../../../pic32c/lib/thumb/v6-m/nofp\libpic32c.a(data_init_wrapper.o)
 .text          0x00000000        0x0 c:/program files/microchip/xc32/v4.21/bin/bin/../../lib/gcc/pic32c/8.3.1/../../../../pic32c/lib/thumb/v6-m/nofp\libpic32c.a(data_init_0_1.o)
 .data          0x00000000        0x0 c:/program files/microchip/xc32/v4.21/bin/bin/../../lib/gcc/pic32c/8.3.1/../../../../pic32c/lib/thumb/v6-m/nofp\libpic32c.a(data_init_0_1.o)
 .xc_stack_usage
                0x00000000       0x2f c:/program files/microchip/xc32/v4.21/bin/bin/../../lib/gcc/pic32c/8.3.1/../../../../pic32c/lib/thumb/v6-m/nofp\libpic32c.a(data_init_0_1.o)
 .xc_stack_usage.hdr
                0x00000000        0xe c:/program files/microchip/xc32/v4.21/bin/bin/../../lib/gcc/pic32c/8.3.1/../../../../pic32c/lib/thumb/v6-m/nofp\libpic32c.a(data_init_0_1.o)
 .text          0x00000000        0x0 c:/program files/microchip/xc32/v4.21/bin/bin/../../lib/gcc/pic32c/8.3.1/../../../../pic32c/lib/thumb/v6-m/nofp\libc-musl.a(__libc_start_main.o)
 .data          0x00000000        0x0 c:/program files/microchip/xc32/v4.21/bin/bin/../../lib/gcc/pic32c/8.3.1/../../../../pic32c/lib/thumb/v6-m/nofp\libc-musl.a(__libc_start_main.o)
 .bss           0x00000000        0x0 c:/program files/microchip/xc32/v4.21/bin/bin/../../lib/gcc/pic32c/8.3.1/../../../../pic32c/lib/thumb/v6-m/nofp\libc-musl.a(__libc_start_main.o)
 .xc_stack_usage
                0x00000000       0x34 c:/program files/microchip/xc32/v4.21/bin/bin/../../lib/gcc/pic32c/8.3.1/../../../../pic32c/lib/thumb/v6-m/nofp\libc-musl.a(__libc_start_main.o)
 .xc_stack_usage.hdr
                0x00000000        0xe c:/program files/microchip/xc32/v4.21/bin/bin/../../lib/gcc/pic32c/8.3.1/../../../../pic32c/lib/thumb/v6-m/nofp\libc-musl.a(__libc_start_main.o)
 .text          0x00000000        0x0 c:/program files/microchip/xc32/v4.21/bin/bin/../../lib/gcc/pic32c/8.3.1/../../../../pic32c/lib/thumb/v6-m/nofp\libc-musl.a(libc.o)
 .data          0x00000000        0x0 c:/program files/microchip/xc32/v4.21/bin/bin/../../lib/gcc/pic32c/8.3.1/../../../../pic32c/lib/thumb/v6-m/nofp\libc-musl.a(libc.o)
 .xc_stack_usage.hdr
                0x00000000        0xe c:/program files/microchip/xc32/v4.21/bin/bin/../../lib/gcc/pic32c/8.3.1/../../../../pic32c/lib/thumb/v6-m/nofp\libc-musl.a(libc.o)
 .text          0x00000000        0x0 c:/program files/microchip/xc32/v4.21/bin/bin/../../lib/gcc/pic32c/8.3.1/../../../../pic32c/lib/thumb/v6-m/nofp\libc-musl.a(memcpy.o)
 .data          0x00000000        0x0 c:/program files/microchip/xc32/v4.21/bin/bin/../../lib/gcc/pic32c/8.3.1/../../../../pic32c/lib/thumb/v6-m/nofp\libc-musl.a(memcpy.o)
 .bss           0x00000000        0x0 c:/program files/microchip/xc32/v4.21/bin/bin/../../lib/gcc/pic32c/8.3.1/../../../../pic32c/lib/thumb/v6-m/nofp\libc-musl.a(memcpy.o)
 .xc_stack_usage
                0x00000000       0x14 c:/program files/microchip/xc32/v4.21/bin/bin/../../lib/gcc/pic32c/8.3.1/../../../../pic32c/lib/thumb/v6-m/nofp\libc-musl.a(memcpy.o)
 .text.memcpy   0x00000000       0x12 c:/program files/microchip/xc32/v4.21/bin/bin/../../lib/gcc/pic32c/8.3.1/../../../../pic32c/lib/thumb/v6-m/nofp\libc-musl.a(memcpy.o)
 .xc_stack_usage.hdr
                0x00000000        0xe c:/program files/microchip/xc32/v4.21/bin/bin/../../lib/gcc/pic32c/8.3.1/../../../../pic32c/lib/thumb/v6-m/nofp\libc-musl.a(memcpy.o)
 .debug_info    0x00000000      0x2e5 c:/program files/microchip/xc32/v4.21/bin/bin/../../lib/gcc/pic32c/8.3.1/../../../../pic32c/lib/thumb/v6-m/nofp\libc-musl.a(memcpy.o)
 .debug_abbrev  0x00000000       0x9c c:/program files/microchip/xc32/v4.21/bin/bin/../../lib/gcc/pic32c/8.3.1/../../../../pic32c/lib/thumb/v6-m/nofp\libc-musl.a(memcpy.o)
 .debug_loc     0x00000000      0x109 c:/program files/microchip/xc32/v4.21/bin/bin/../../lib/gcc/pic32c/8.3.1/../../../../pic32c/lib/thumb/v6-m/nofp\libc-musl.a(memcpy.o)
 .debug_aranges
                0x00000000       0x20 c:/program files/microchip/xc32/v4.21/bin/bin/../../lib/gcc/pic32c/8.3.1/../../../../pic32c/lib/thumb/v6-m/nofp\libc-musl.a(memcpy.o)
 .debug_ranges  0x00000000       0x10 c:/program files/microchip/xc32/v4.21/bin/bin/../../lib/gcc/pic32c/8.3.1/../../../../pic32c/lib/thumb/v6-m/nofp\libc-musl.a(memcpy.o)
 .debug_line    0x00000000       0xf4 c:/program files/microchip/xc32/v4.21/bin/bin/../../lib/gcc/pic32c/8.3.1/../../../../pic32c/lib/thumb/v6-m/nofp\libc-musl.a(memcpy.o)
 .debug_str     0x00000000        0x0 c:/program files/microchip/xc32/v4.21/bin/bin/../../lib/gcc/pic32c/8.3.1/../../../../pic32c/lib/thumb/v6-m/nofp\libc-musl.a(memcpy.o)
 .comment       0x00000000       0x2c c:/program files/microchip/xc32/v4.21/bin/bin/../../lib/gcc/pic32c/8.3.1/../../../../pic32c/lib/thumb/v6-m/nofp\libc-musl.a(memcpy.o)
 .note.GNU-stack
                0x00000000        0x0 c:/program files/microchip/xc32/v4.21/bin/bin/../../lib/gcc/pic32c/8.3.1/../../../../pic32c/lib/thumb/v6-m/nofp\libc-musl.a(memcpy.o)
 .debug_frame   0x00000000       0x28 c:/program files/microchip/xc32/v4.21/bin/bin/../../lib/gcc/pic32c/8.3.1/../../../../pic32c/lib/thumb/v6-m/nofp\libc-musl.a(memcpy.o)
 .ARM.attributes
                0x00000000       0x2e c:/program files/microchip/xc32/v4.21/bin/bin/../../lib/gcc/pic32c/8.3.1/../../../../pic32c/lib/thumb/v6-m/nofp\libc-musl.a(memcpy.o)
 .text          0x00000000        0x0 c:/program files/microchip/xc32/v4.21/bin/bin/../../lib/gcc/pic32c/8.3.1/../../../../pic32c/lib/thumb/v6-m/nofp\libc-musl.a(__environ.o)
 .data          0x00000000        0x0 c:/program files/microchip/xc32/v4.21/bin/bin/../../lib/gcc/pic32c/8.3.1/../../../../pic32c/lib/thumb/v6-m/nofp\libc-musl.a(__environ.o)
 .xc_stack_usage.hdr
                0x00000000        0xe c:/program files/microchip/xc32/v4.21/bin/bin/../../lib/gcc/pic32c/8.3.1/../../../../pic32c/lib/thumb/v6-m/nofp\libc-musl.a(__environ.o)
 .text          0x00000000       0x40 c:/program files/microchip/xc32/v4.21/bin/bin/../../lib/gcc/pic32c/8.3.1/thumb/v6-m/nofp\libgcc.a(_aeabi_uldivmod.o)
 .data          0x00000000        0x0 c:/program files/microchip/xc32/v4.21/bin/bin/../../lib/gcc/pic32c/8.3.1/thumb/v6-m/nofp\libgcc.a(_aeabi_uldivmod.o)
 .bss           0x00000000        0x0 c:/program files/microchip/xc32/v4.21/bin/bin/../../lib/gcc/pic32c/8.3.1/thumb/v6-m/nofp\libgcc.a(_aeabi_uldivmod.o)
 .xc_stack_usage.hdr
                0x00000000        0xe c:/program files/microchip/xc32/v4.21/bin/bin/../../lib/gcc/pic32c/8.3.1/thumb/v6-m/nofp\libgcc.a(_aeabi_uldivmod.o)
 .xc_stack_usage
                0x00000000       0x1e c:/program files/microchip/xc32/v4.21/bin/bin/../../lib/gcc/pic32c/8.3.1/thumb/v6-m/nofp\libgcc.a(_aeabi_uldivmod.o)
 .debug_line    0x00000000       0xa3 c:/program files/microchip/xc32/v4.21/bin/bin/../../lib/gcc/pic32c/8.3.1/thumb/v6-m/nofp\libgcc.a(_aeabi_uldivmod.o)
 .debug_info    0x00000000       0x26 c:/program files/microchip/xc32/v4.21/bin/bin/../../lib/gcc/pic32c/8.3.1/thumb/v6-m/nofp\libgcc.a(_aeabi_uldivmod.o)
 .debug_abbrev  0x00000000       0x14 c:/program files/microchip/xc32/v4.21/bin/bin/../../lib/gcc/pic32c/8.3.1/thumb/v6-m/nofp\libgcc.a(_aeabi_uldivmod.o)
 .debug_aranges
                0x00000000       0x20 c:/program files/microchip/xc32/v4.21/bin/bin/../../lib/gcc/pic32c/8.3.1/thumb/v6-m/nofp\libgcc.a(_aeabi_uldivmod.o)
 .debug_str     0x00000000       0xe9 c:/program files/microchip/xc32/v4.21/bin/bin/../../lib/gcc/pic32c/8.3.1/thumb/v6-m/nofp\libgcc.a(_aeabi_uldivmod.o)
 .ARM.attributes
                0x00000000       0x1e c:/program files/microchip/xc32/v4.21/bin/bin/../../lib/gcc/pic32c/8.3.1/thumb/v6-m/nofp\libgcc.a(_aeabi_uldivmod.o)
 .text          0x00000000       0xe2 c:/program files/microchip/xc32/v4.21/bin/bin/../../lib/gcc/pic32c/8.3.1/thumb/v6-m/nofp\libgcc.a(_udivmoddi4.o)
 .data          0x00000000        0x0 c:/program files/microchip/xc32/v4.21/bin/bin/../../lib/gcc/pic32c/8.3.1/thumb/v6-m/nofp\libgcc.a(_udivmoddi4.o)
 .bss           0x00000000        0x0 c:/program files/microchip/xc32/v4.21/bin/bin/../../lib/gcc/pic32c/8.3.1/thumb/v6-m/nofp\libgcc.a(_udivmoddi4.o)
 .xc_stack_usage
                0x00000000       0x1a c:/program files/microchip/xc32/v4.21/bin/bin/../../lib/gcc/pic32c/8.3.1/thumb/v6-m/nofp\libgcc.a(_udivmoddi4.o)
 .ARM.extab     0x00000000        0x0 c:/program files/microchip/xc32/v4.21/bin/bin/../../lib/gcc/pic32c/8.3.1/thumb/v6-m/nofp\libgcc.a(_udivmoddi4.o)
 .ARM.exidx     0x00000000        0x8 c:/program files/microchip/xc32/v4.21/bin/bin/../../lib/gcc/pic32c/8.3.1/thumb/v6-m/nofp\libgcc.a(_udivmoddi4.o)
 .xc_stack_usage.hdr
                0x00000000        0xe c:/program files/microchip/xc32/v4.21/bin/bin/../../lib/gcc/pic32c/8.3.1/thumb/v6-m/nofp\libgcc.a(_udivmoddi4.o)
 .debug_info    0x00000000      0x3f6 c:/program files/microchip/xc32/v4.21/bin/bin/../../lib/gcc/pic32c/8.3.1/thumb/v6-m/nofp\libgcc.a(_udivmoddi4.o)
 .debug_abbrev  0x00000000       0x8e c:/program files/microchip/xc32/v4.21/bin/bin/../../lib/gcc/pic32c/8.3.1/thumb/v6-m/nofp\libgcc.a(_udivmoddi4.o)
 .debug_loc     0x00000000      0x2e7 c:/program files/microchip/xc32/v4.21/bin/bin/../../lib/gcc/pic32c/8.3.1/thumb/v6-m/nofp\libgcc.a(_udivmoddi4.o)
 .debug_aranges
                0x00000000       0x20 c:/program files/microchip/xc32/v4.21/bin/bin/../../lib/gcc/pic32c/8.3.1/thumb/v6-m/nofp\libgcc.a(_udivmoddi4.o)
 .debug_line    0x00000000      0x18f c:/program files/microchip/xc32/v4.21/bin/bin/../../lib/gcc/pic32c/8.3.1/thumb/v6-m/nofp\libgcc.a(_udivmoddi4.o)
 .debug_str     0x00000000        0x0 c:/program files/microchip/xc32/v4.21/bin/bin/../../lib/gcc/pic32c/8.3.1/thumb/v6-m/nofp\libgcc.a(_udivmoddi4.o)
 .comment       0x00000000       0x2c c:/program files/microchip/xc32/v4.21/bin/bin/../../lib/gcc/pic32c/8.3.1/thumb/v6-m/nofp\libgcc.a(_udivmoddi4.o)
 .debug_frame   0x00000000       0x30 c:/program files/microchip/xc32/v4.21/bin/bin/../../lib/gcc/pic32c/8.3.1/thumb/v6-m/nofp\libgcc.a(_udivmoddi4.o)
 .ARM.attributes
                0x00000000       0x2c c:/program files/microchip/xc32/v4.21/bin/bin/../../lib/gcc/pic32c/8.3.1/thumb/v6-m/nofp\libgcc.a(_udivmoddi4.o)
 .text          0x00000000        0x4 c:/program files/microchip/xc32/v4.21/bin/bin/../../lib/gcc/pic32c/8.3.1/thumb/v6-m/nofp\libgcc.a(_dvmd_tls.o)
 .data          0x00000000        0x0 c:/program files/microchip/xc32/v4.21/bin/bin/../../lib/gcc/pic32c/8.3.1/thumb/v6-m/nofp\libgcc.a(_dvmd_tls.o)
 .bss           0x00000000        0x0 c:/program files/microchip/xc32/v4.21/bin/bin/../../lib/gcc/pic32c/8.3.1/thumb/v6-m/nofp\libgcc.a(_dvmd_tls.o)
 .xc_stack_usage.hdr
                0x00000000        0xe c:/program files/microchip/xc32/v4.21/bin/bin/../../lib/gcc/pic32c/8.3.1/thumb/v6-m/nofp\libgcc.a(_dvmd_tls.o)
 .xc_stack_usage
                0x00000000       0x36 c:/program files/microchip/xc32/v4.21/bin/bin/../../lib/gcc/pic32c/8.3.1/thumb/v6-m/nofp\libgcc.a(_dvmd_tls.o)
 .debug_line    0x00000000       0x98 c:/program files/microchip/xc32/v4.21/bin/bin/../../lib/gcc/pic32c/8.3.1/thumb/v6-m/nofp\libgcc.a(_dvmd_tls.o)
 .debug_info    0x00000000       0x26 c:/program files/microchip/xc32/v4.21/bin/bin/../../lib/gcc/pic32c/8.3.1/thumb/v6-m/nofp\libgcc.a(_dvmd_tls.o)
 .debug_abbrev  0x00000000       0x14 c:/program files/microchip/xc32/v4.21/bin/bin/../../lib/gcc/pic32c/8.3.1/thumb/v6-m/nofp\libgcc.a(_dvmd_tls.o)
 .debug_aranges
                0x00000000       0x20 c:/program files/microchip/xc32/v4.21/bin/bin/../../lib/gcc/pic32c/8.3.1/thumb/v6-m/nofp\libgcc.a(_dvmd_tls.o)
 .debug_str     0x00000000       0xe9 c:/program files/microchip/xc32/v4.21/bin/bin/../../lib/gcc/pic32c/8.3.1/thumb/v6-m/nofp\libgcc.a(_dvmd_tls.o)
 .ARM.attributes
                0x00000000       0x1e c:/program files/microchip/xc32/v4.21/bin/bin/../../lib/gcc/pic32c/8.3.1/thumb/v6-m/nofp\libgcc.a(_dvmd_tls.o)
 .text          0x00000000       0x18 c:/program files/microchip/xc32/v4.21/bin/bin/../../lib/gcc/pic32c/8.3.1/thumb/v6-m/nofp\libgcc.a(_lshrdi3.o)
 .data          0x00000000        0x0 c:/program files/microchip/xc32/v4.21/bin/bin/../../lib/gcc/pic32c/8.3.1/thumb/v6-m/nofp\libgcc.a(_lshrdi3.o)
 .bss           0x00000000        0x0 c:/program files/microchip/xc32/v4.21/bin/bin/../../lib/gcc/pic32c/8.3.1/thumb/v6-m/nofp\libgcc.a(_lshrdi3.o)
 .xc_stack_usage.hdr
                0x00000000        0xe c:/program files/microchip/xc32/v4.21/bin/bin/../../lib/gcc/pic32c/8.3.1/thumb/v6-m/nofp\libgcc.a(_lshrdi3.o)
 .xc_stack_usage
                0x00000000       0x17 c:/program files/microchip/xc32/v4.21/bin/bin/../../lib/gcc/pic32c/8.3.1/thumb/v6-m/nofp\libgcc.a(_lshrdi3.o)
 .debug_line    0x00000000       0xa3 c:/program files/microchip/xc32/v4.21/bin/bin/../../lib/gcc/pic32c/8.3.1/thumb/v6-m/nofp\libgcc.a(_lshrdi3.o)
 .debug_info    0x00000000       0x26 c:/program files/microchip/xc32/v4.21/bin/bin/../../lib/gcc/pic32c/8.3.1/thumb/v6-m/nofp\libgcc.a(_lshrdi3.o)
 .debug_abbrev  0x00000000       0x14 c:/program files/microchip/xc32/v4.21/bin/bin/../../lib/gcc/pic32c/8.3.1/thumb/v6-m/nofp\libgcc.a(_lshrdi3.o)
 .debug_aranges
                0x00000000       0x20 c:/program files/microchip/xc32/v4.21/bin/bin/../../lib/gcc/pic32c/8.3.1/thumb/v6-m/nofp\libgcc.a(_lshrdi3.o)
 .debug_str     0x00000000       0xe9 c:/program files/microchip/xc32/v4.21/bin/bin/../../lib/gcc/pic32c/8.3.1/thumb/v6-m/nofp\libgcc.a(_lshrdi3.o)
 .ARM.attributes
                0x00000000       0x1e c:/program files/microchip/xc32/v4.21/bin/bin/../../lib/gcc/pic32c/8.3.1/thumb/v6-m/nofp\libgcc.a(_lshrdi3.o)
 .text          0x00000000       0x18 c:/program files/microchip/xc32/v4.21/bin/bin/../../lib/gcc/pic32c/8.3.1/thumb/v6-m/nofp\libgcc.a(_ashldi3.o)
 .data          0x00000000        0x0 c:/program files/microchip/xc32/v4.21/bin/bin/../../lib/gcc/pic32c/8.3.1/thumb/v6-m/nofp\libgcc.a(_ashldi3.o)
 .bss           0x00000000        0x0 c:/program files/microchip/xc32/v4.21/bin/bin/../../lib/gcc/pic32c/8.3.1/thumb/v6-m/nofp\libgcc.a(_ashldi3.o)
 .xc_stack_usage.hdr
                0x00000000        0xe c:/program files/microchip/xc32/v4.21/bin/bin/../../lib/gcc/pic32c/8.3.1/thumb/v6-m/nofp\libgcc.a(_ashldi3.o)
 .xc_stack_usage
                0x00000000       0x17 c:/program files/microchip/xc32/v4.21/bin/bin/../../lib/gcc/pic32c/8.3.1/thumb/v6-m/nofp\libgcc.a(_ashldi3.o)
 .debug_line    0x00000000       0xa3 c:/program files/microchip/xc32/v4.21/bin/bin/../../lib/gcc/pic32c/8.3.1/thumb/v6-m/nofp\libgcc.a(_ashldi3.o)
 .debug_info    0x00000000       0x26 c:/program files/microchip/xc32/v4.21/bin/bin/../../lib/gcc/pic32c/8.3.1/thumb/v6-m/nofp\libgcc.a(_ashldi3.o)
 .debug_abbrev  0x00000000       0x14 c:/program files/microchip/xc32/v4.21/bin/bin/../../lib/gcc/pic32c/8.3.1/thumb/v6-m/nofp\libgcc.a(_ashldi3.o)
 .debug_aranges
                0x00000000       0x20 c:/program files/microchip/xc32/v4.21/bin/bin/../../lib/gcc/pic32c/8.3.1/thumb/v6-m/nofp\libgcc.a(_ashldi3.o)
 .debug_str     0x00000000       0xe9 c:/program files/microchip/xc32/v4.21/bin/bin/../../lib/gcc/pic32c/8.3.1/thumb/v6-m/nofp\libgcc.a(_ashldi3.o)
 .ARM.attributes
                0x00000000       0x1e c:/program files/microchip/xc32/v4.21/bin/bin/../../lib/gcc/pic32c/8.3.1/thumb/v6-m/nofp\libgcc.a(_ashldi3.o)
 .text          0x00000000       0x18 c:/program files/microchip/xc32/v4.21/bin/bin/../../lib/gcc/pic32c/8.3.1/thumb/v6-m/nofp\libgcc.a(_clzdi2.o)
 .data          0x00000000        0x0 c:/program files/microchip/xc32/v4.21/bin/bin/../../lib/gcc/pic32c/8.3.1/thumb/v6-m/nofp\libgcc.a(_clzdi2.o)
 .bss           0x00000000        0x0 c:/program files/microchip/xc32/v4.21/bin/bin/../../lib/gcc/pic32c/8.3.1/thumb/v6-m/nofp\libgcc.a(_clzdi2.o)
 .xc_stack_usage.hdr
                0x00000000        0xe c:/program files/microchip/xc32/v4.21/bin/bin/../../lib/gcc/pic32c/8.3.1/thumb/v6-m/nofp\libgcc.a(_clzdi2.o)
 .xc_stack_usage
                0x00000000       0x16 c:/program files/microchip/xc32/v4.21/bin/bin/../../lib/gcc/pic32c/8.3.1/thumb/v6-m/nofp\libgcc.a(_clzdi2.o)
 .debug_line    0x00000000       0xa2 c:/program files/microchip/xc32/v4.21/bin/bin/../../lib/gcc/pic32c/8.3.1/thumb/v6-m/nofp\libgcc.a(_clzdi2.o)
 .debug_info    0x00000000       0x26 c:/program files/microchip/xc32/v4.21/bin/bin/../../lib/gcc/pic32c/8.3.1/thumb/v6-m/nofp\libgcc.a(_clzdi2.o)
 .debug_abbrev  0x00000000       0x14 c:/program files/microchip/xc32/v4.21/bin/bin/../../lib/gcc/pic32c/8.3.1/thumb/v6-m/nofp\libgcc.a(_clzdi2.o)
 .debug_aranges
                0x00000000       0x20 c:/program files/microchip/xc32/v4.21/bin/bin/../../lib/gcc/pic32c/8.3.1/thumb/v6-m/nofp\libgcc.a(_clzdi2.o)
 .debug_str     0x00000000       0xe9 c:/program files/microchip/xc32/v4.21/bin/bin/../../lib/gcc/pic32c/8.3.1/thumb/v6-m/nofp\libgcc.a(_clzdi2.o)
 .ARM.attributes
                0x00000000       0x1e c:/program files/microchip/xc32/v4.21/bin/bin/../../lib/gcc/pic32c/8.3.1/thumb/v6-m/nofp\libgcc.a(_clzdi2.o)
 .text          0x00000000       0x3c c:/program files/microchip/xc32/v4.21/bin/bin/../../lib/gcc/pic32c/8.3.1/thumb/v6-m/nofp\libgcc.a(_clzsi2.o)
 .data          0x00000000        0x0 c:/program files/microchip/xc32/v4.21/bin/bin/../../lib/gcc/pic32c/8.3.1/thumb/v6-m/nofp\libgcc.a(_clzsi2.o)
 .bss           0x00000000        0x0 c:/program files/microchip/xc32/v4.21/bin/bin/../../lib/gcc/pic32c/8.3.1/thumb/v6-m/nofp\libgcc.a(_clzsi2.o)
 .xc_stack_usage.hdr
                0x00000000        0xe c:/program files/microchip/xc32/v4.21/bin/bin/../../lib/gcc/pic32c/8.3.1/thumb/v6-m/nofp\libgcc.a(_clzsi2.o)
 .xc_stack_usage
                0x00000000       0x16 c:/program files/microchip/xc32/v4.21/bin/bin/../../lib/gcc/pic32c/8.3.1/thumb/v6-m/nofp\libgcc.a(_clzsi2.o)
 .debug_line    0x00000000       0xac c:/program files/microchip/xc32/v4.21/bin/bin/../../lib/gcc/pic32c/8.3.1/thumb/v6-m/nofp\libgcc.a(_clzsi2.o)
 .debug_info    0x00000000       0x26 c:/program files/microchip/xc32/v4.21/bin/bin/../../lib/gcc/pic32c/8.3.1/thumb/v6-m/nofp\libgcc.a(_clzsi2.o)
 .debug_abbrev  0x00000000       0x14 c:/program files/microchip/xc32/v4.21/bin/bin/../../lib/gcc/pic32c/8.3.1/thumb/v6-m/nofp\libgcc.a(_clzsi2.o)
 .debug_aranges
                0x00000000       0x20 c:/program files/microchip/xc32/v4.21/bin/bin/../../lib/gcc/pic32c/8.3.1/thumb/v6-m/nofp\libgcc.a(_clzsi2.o)
 .debug_str     0x00000000       0xe9 c:/program files/microchip/xc32/v4.21/bin/bin/../../lib/gcc/pic32c/8.3.1/thumb/v6-m/nofp\libgcc.a(_clzsi2.o)
 .ARM.attributes
                0x00000000       0x1e c:/program files/microchip/xc32/v4.21/bin/bin/../../lib/gcc/pic32c/8.3.1/thumb/v6-m/nofp\libgcc.a(_clzsi2.o)
 .text          0x00000000        0x0 c:/program files/microchip/xc32/v4.21/bin/bin/../../lib/gcc/pic32c/8.3.1/thumb/v6-m/nofp/crtend.o
 .data          0x00000000        0x0 c:/program files/microchip/xc32/v4.21/bin/bin/../../lib/gcc/pic32c/8.3.1/thumb/v6-m/nofp/crtend.o
 .bss           0x00000000        0x0 c:/program files/microchip/xc32/v4.21/bin/bin/../../lib/gcc/pic32c/8.3.1/thumb/v6-m/nofp/crtend.o
 .eh_frame      0x00000000        0x4 c:/program files/microchip/xc32/v4.21/bin/bin/../../lib/gcc/pic32c/8.3.1/thumb/v6-m/nofp/crtend.o
 .xc_stack_usage.hdr
                0x00000000        0xe c:/program files/microchip/xc32/v4.21/bin/bin/../../lib/gcc/pic32c/8.3.1/thumb/v6-m/nofp/crtend.o
 .comment       0x00000000       0x2c c:/program files/microchip/xc32/v4.21/bin/bin/../../lib/gcc/pic32c/8.3.1/thumb/v6-m/nofp/crtend.o
 .ARM.attributes
                0x00000000       0x2c c:/program files/microchip/xc32/v4.21/bin/bin/../../lib/gcc/pic32c/8.3.1/thumb/v6-m/nofp/crtend.o
 .text          0x00000000        0x0 c:/program files/microchip/xc32/v4.21/bin/bin/../../lib/gcc/pic32c/8.3.1/thumb/v6-m/nofp/crtn.o
 .data          0x00000000        0x0 c:/program files/microchip/xc32/v4.21/bin/bin/../../lib/gcc/pic32c/8.3.1/thumb/v6-m/nofp/crtn.o
 .bss           0x00000000        0x0 c:/program files/microchip/xc32/v4.21/bin/bin/../../lib/gcc/pic32c/8.3.1/thumb/v6-m/nofp/crtn.o
 .xc_stack_usage.hdr
                0x00000000        0xe c:/program files/microchip/xc32/v4.21/bin/bin/../../lib/gcc/pic32c/8.3.1/thumb/v6-m/nofp/crtn.o

Memory Configuration

Name             Origin             Length             Attributes
rom              0x00000000         0x00020000         xrl
ram              0x20000000         0x00004000         xw !r
config_00804000  0x00804000         0x00000004
config_00804004  0x00804004         0x00000004
*default*        0x00000000         0xffffffff

Linker script and memory map

LOAD c:/program files/microchip/xc32/v4.21/bin/bin/../../lib/gcc/pic32c/8.3.1/thumb/v6-m/nofp/crti.o
LOAD c:/program files/microchip/xc32/v4.21/bin/bin/../../lib/gcc/pic32c/8.3.1/thumb/v6-m/nofp/crtbegin.o
LOAD build/default/production/_ext/1593096446/plib_nvmctrl.o
LOAD build/default/production/_ext/1986646378/plib_evsys.o
LOAD build/default/production/_ext/504274921/plib_sercom0_usart.o
LOAD build/default/production/_ext/1360937237/main.o
LOAD build/default/production/_ext/1171490990/initialization.o
LOAD build/default/production/_ext/1171490990/interrupts.o
LOAD build/default/production/_ext/1171490990/exceptions.o
LOAD build/default/production/_ext/163028504/xc32_monitor.o
LOAD build/default/production/_ext/1865521619/plib_port.o
LOAD build/default/production/_ext/1984496892/plib_clock.o
LOAD build/default/production/_ext/1865468468/plib_nvic.o
LOAD build/default/production/_ext/1865161661/plib_dmac.o
LOAD build/default/production/_ext/1171490990/startup_xc32.o
LOAD build/default/production/_ext/1171490990/libc_syscalls.o
LOAD build/default/production/_ext/504274921/plib_sercom5_usart.o
                0x00000001                __MPLAB_BUILD = 0x1
                0x00020000                __rom_end = (ORIGIN (rom) + LENGTH (rom))
                0x20004000                __ram_end = (ORIGIN (ram) + LENGTH (ram))

.config_00804000
 *(.config_00804000)

.config_00804004
 *(.config_00804004)

.vectors        0x00000000       0xb8
                0x00000000                . = ALIGN (0x4)
                0x00000000                _sfixed = .
 *(.vectors .vectors.* .vectors_default .vectors_default.*)
 .vectors.exception_table
                0x00000000       0xb8 build/default/production/_ext/1171490990/interrupts.o
                0x00000000                exception_table
 *(.isr_vector)
 *(.reset*)
 *(.after_vectors)

.text           0x000000b8       0x20
                0x000000b8                . = ALIGN (0x4)
 *(.glue_7t)
 .glue_7t       0x000000b8        0x0 linker stubs
 *(.glue_7)
 .glue_7        0x000000b8        0x0 linker stubs
 *(.gnu.linkonce.r.*)
 *(.ARM.extab* .gnu.linkonce.armextab.*)
                0x000000b8                . = ALIGN (0x4)
 *(.init)
 .init          0x000000b8        0x4 c:/program files/microchip/xc32/v4.21/bin/bin/../../lib/gcc/pic32c/8.3.1/thumb/v6-m/nofp/crti.o
                0x000000b8                _init
 .init          0x000000bc        0x8 c:/program files/microchip/xc32/v4.21/bin/bin/../../lib/gcc/pic32c/8.3.1/thumb/v6-m/nofp/crtn.o
                0x000000c4                . = ALIGN (0x4)
                0x000000c4                __preinit_array_start = .
 *(.preinit_array)
                0x000000c4                __preinit_array_end = .
                0x000000c4                . = ALIGN (0x4)
                0x000000c4                __init_array_start = .
 *(SORT_BY_NAME(.init_array.*))
 *(.init_array)
 .init_array    0x000000c4        0x4 c:/program files/microchip/xc32/v4.21/bin/bin/../../lib/gcc/pic32c/8.3.1/thumb/v6-m/nofp/crtbegin.o
                0x000000c8                __init_array_end = .
                0x000000c8                . = ALIGN (0x4)
 *crtbegin.o(.ctors)
 *(EXCLUDE_FILE(*crtend.o) .ctors)
 *(SORT_BY_NAME(.ctors.*))
 *crtend.o(.ctors)
                0x000000c8                . = ALIGN (0x4)
 *(.fini)
 .fini          0x000000c8        0x4 c:/program files/microchip/xc32/v4.21/bin/bin/../../lib/gcc/pic32c/8.3.1/thumb/v6-m/nofp/crti.o
                0x000000c8                _fini
 .fini          0x000000cc        0x8 c:/program files/microchip/xc32/v4.21/bin/bin/../../lib/gcc/pic32c/8.3.1/thumb/v6-m/nofp/crtn.o
                0x000000d4                . = ALIGN (0x4)
                0x000000d4                __fini_array_start = .
 *(.fini_array)
 .fini_array    0x000000d4        0x4 c:/program files/microchip/xc32/v4.21/bin/bin/../../lib/gcc/pic32c/8.3.1/thumb/v6-m/nofp/crtbegin.o
 *(SORT_BY_NAME(.fini_array.*))
                0x000000d8                __fini_array_end = .
 *crtbegin.o(.dtors)
 *(EXCLUDE_FILE(*crtend.o) .dtors)
 *(SORT_BY_NAME(.dtors.*))
 *crtend.o(.dtors)
                0x000000d8                . = ALIGN (0x4)
                0x000000d8                _efixed = .
                [!provide]                PROVIDE (__exidx_start = .)

.ARM.exidx
 *(.ARM.exidx* .gnu.linkonce.armexidx.*)
                [!provide]                PROVIDE (__exidx_end = .)
                0x000000d8                . = ALIGN (0x4)
                0x000000d8                _etext = .

.bss            0x20000000        0x0
                0x20000000                . = ALIGN (0x4)
                0x20000000                __bss_start__ = .
                0x20000000                _sbss = .
                0x20000000                _szero = .
 *(COMMON)
                0x20000000                . = ALIGN (0x4)
                0x20000000                __bss_end__ = .
                0x20000000                _ebss = .
                0x20000000                _ezero = .
                0x20000000                . = ALIGN (0x4)
                0x20000000                _end = .
                0x20003fff                _ram_end_ = ((ORIGIN (ram) + LENGTH (ram)) - 0x1)
                0x00000200                _min_heap_size = 0x200
START GROUP
LOAD c:/program files/microchip/xc32/v4.21/bin/bin/../../lib/gcc/pic32c/8.3.1/../../../../pic32c/lib/thumb/v6-m/nofp\libpic32c.a
LOAD c:/program files/microchip/xc32/v4.21/bin/bin/../../lib/gcc/pic32c/8.3.1/../../../../pic32c/lib/thumb/v6-m/nofp\libm-emfloat.a
LOAD c:/program files/microchip/xc32/v4.21/bin/bin/../../lib/gcc/pic32c/8.3.1/../../../../pic32c/lib/thumb/v6-m/nofp\libc-musl.a
LOAD c:/program files/microchip/xc32/v4.21/bin/bin/../../lib/gcc/pic32c/8.3.1/../../../../pic32c/lib/thumb/v6-m/nofp\libm-emfloat.a
LOAD c:/program files/microchip/xc32/v4.21/bin/bin/../../lib/gcc/pic32c/8.3.1/thumb/v6-m/nofp\libgcc.a
END GROUP
LOAD c:/program files/microchip/xc32/v4.21/bin/bin/../../lib/gcc/pic32c/8.3.1/thumb/v6-m/nofp/crtend.o
LOAD c:/program files/microchip/xc32/v4.21/bin/bin/../../lib/gcc/pic32c/8.3.1/thumb/v6-m/nofp/crtn.o
OUTPUT(dist/default/production/DMA_UART_Receiver.X.production.elf elf32-littlearm)
LOAD stack
LOAD data_init

.ARM.attributes
                0x00000000       0x2c
 .ARM.attributes
                0x00000000       0x1e c:/program files/microchip/xc32/v4.21/bin/bin/../../lib/gcc/pic32c/8.3.1/thumb/v6-m/nofp/crti.o
 .ARM.attributes
                0x0000001e       0x2c c:/program files/microchip/xc32/v4.21/bin/bin/../../lib/gcc/pic32c/8.3.1/thumb/v6-m/nofp/crtbegin.o
 .ARM.attributes
                0x0000004a       0x2c build/default/production/_ext/1593096446/plib_nvmctrl.o
 .ARM.attributes
                0x00000076       0x2c build/default/production/_ext/504274921/plib_sercom0_usart.o
 .ARM.attributes
                0x000000a2       0x2c build/default/production/_ext/1360937237/main.o
 .ARM.attributes
                0x000000ce       0x2c build/default/production/_ext/1171490990/initialization.o
 .ARM.attributes
                0x000000fa       0x2c build/default/production/_ext/1171490990/interrupts.o
 .ARM.attributes
                0x00000126       0x2c build/default/production/_ext/1171490990/exceptions.o
 .ARM.attributes
                0x00000152       0x2c build/default/production/_ext/1865521619/plib_port.o
 .ARM.attributes
                0x0000017e       0x2c build/default/production/_ext/1984496892/plib_clock.o
 .ARM.attributes
                0x000001aa       0x2c build/default/production/_ext/1865468468/plib_nvic.o
 .ARM.attributes
                0x000001d6       0x2c build/default/production/_ext/1865161661/plib_dmac.o
 .ARM.attributes
                0x00000202       0x2c build/default/production/_ext/1171490990/startup_xc32.o
 .ARM.attributes
                0x0000022e       0x2c build/default/production/_ext/504274921/plib_sercom5_usart.o
 .ARM.attributes
                0x0000025a       0x2c c:/program files/microchip/xc32/v4.21/bin/bin/../../lib/gcc/pic32c/8.3.1/../../../../pic32c/lib/thumb/v6-m/nofp\libpic32c.a(data_init_wrapper.o)
 .ARM.attributes
                0x00000286       0x2c c:/program files/microchip/xc32/v4.21/bin/bin/../../lib/gcc/pic32c/8.3.1/../../../../pic32c/lib/thumb/v6-m/nofp\libpic32c.a(data_init_0_1.o)
 .ARM.attributes
                0x000002b2       0x2e c:/program files/microchip/xc32/v4.21/bin/bin/../../lib/gcc/pic32c/8.3.1/../../../../pic32c/lib/thumb/v6-m/nofp\libc-musl.a(__libc_start_main.o)
 .ARM.attributes
                0x000002e0       0x2e c:/program files/microchip/xc32/v4.21/bin/bin/../../lib/gcc/pic32c/8.3.1/../../../../pic32c/lib/thumb/v6-m/nofp\libc-musl.a(libc.o)
 .ARM.attributes
                0x0000030e       0x2e c:/program files/microchip/xc32/v4.21/bin/bin/../../lib/gcc/pic32c/8.3.1/../../../../pic32c/lib/thumb/v6-m/nofp\libc-musl.a(__environ.o)
 .ARM.attributes
                0x0000033c       0x1e c:/program files/microchip/xc32/v4.21/bin/bin/../../lib/gcc/pic32c/8.3.1/thumb/v6-m/nofp/crtn.o

.comment        0x00000000       0x2b
 .comment       0x00000000       0x2b c:/program files/microchip/xc32/v4.21/bin/bin/../../lib/gcc/pic32c/8.3.1/thumb/v6-m/nofp/crtbegin.o
                                 0x2c (size before relaxing)
 .comment       0x0000002b       0x2c build/default/production/_ext/1593096446/plib_nvmctrl.o
 .comment       0x0000002b       0x2c build/default/production/_ext/504274921/plib_sercom0_usart.o
 .comment       0x0000002b       0x2c build/default/production/_ext/1360937237/main.o
 .comment       0x0000002b       0x2c build/default/production/_ext/1171490990/initialization.o
 .comment       0x0000002b       0x2c build/default/production/_ext/1171490990/interrupts.o
 .comment       0x0000002b       0x2c build/default/production/_ext/1171490990/exceptions.o
 .comment       0x0000002b       0x2c build/default/production/_ext/1865521619/plib_port.o
 .comment       0x0000002b       0x2c build/default/production/_ext/1984496892/plib_clock.o
 .comment       0x0000002b       0x2c build/default/production/_ext/1865468468/plib_nvic.o
 .comment       0x0000002b       0x2c build/default/production/_ext/1865161661/plib_dmac.o
 .comment       0x0000002b       0x2c build/default/production/_ext/1171490990/startup_xc32.o
 .comment       0x0000002b       0x2c build/default/production/_ext/504274921/plib_sercom5_usart.o
 .comment       0x0000002b       0x2c c:/program files/microchip/xc32/v4.21/bin/bin/../../lib/gcc/pic32c/8.3.1/../../../../pic32c/lib/thumb/v6-m/nofp\libpic32c.a(data_init_wrapper.o)
 .comment       0x0000002b       0x2c c:/program files/microchip/xc32/v4.21/bin/bin/../../lib/gcc/pic32c/8.3.1/../../../../pic32c/lib/thumb/v6-m/nofp\libpic32c.a(data_init_0_1.o)
 .comment       0x0000002b       0x2c c:/program files/microchip/xc32/v4.21/bin/bin/../../lib/gcc/pic32c/8.3.1/../../../../pic32c/lib/thumb/v6-m/nofp\libc-musl.a(__libc_start_main.o)
 .comment       0x0000002b       0x2c c:/program files/microchip/xc32/v4.21/bin/bin/../../lib/gcc/pic32c/8.3.1/../../../../pic32c/lib/thumb/v6-m/nofp\libc-musl.a(libc.o)
 .comment       0x0000002b       0x2c c:/program files/microchip/xc32/v4.21/bin/bin/../../lib/gcc/pic32c/8.3.1/../../../../pic32c/lib/thumb/v6-m/nofp\libc-musl.a(__environ.o)

.debug_info     0x00000000     0xa0fe
 .debug_info    0x00000000      0xb69 build/default/production/_ext/1593096446/plib_nvmctrl.o
 .debug_info    0x00000b69     0x184d build/default/production/_ext/504274921/plib_sercom0_usart.o
 .debug_info    0x000023b6      0x591 build/default/production/_ext/1360937237/main.o
 .debug_info    0x00002947      0x5e6 build/default/production/_ext/1171490990/initialization.o
 .debug_info    0x00002f2d      0x8b5 build/default/production/_ext/1171490990/interrupts.o
 .debug_info    0x000037e2      0x34f build/default/production/_ext/1171490990/exceptions.o
 .debug_info    0x00003b31      0xc8d build/default/production/_ext/1865521619/plib_port.o
 .debug_info    0x000047be      0xa3e build/default/production/_ext/1984496892/plib_clock.o
 .debug_info    0x000051fc      0xac7 build/default/production/_ext/1865468468/plib_nvic.o
 .debug_info    0x00005cc3     0x142a build/default/production/_ext/1865161661/plib_dmac.o
 .debug_info    0x000070ed      0x4b0 build/default/production/_ext/1171490990/startup_xc32.o
 .debug_info    0x0000759d     0x184d build/default/production/_ext/504274921/plib_sercom5_usart.o
 .debug_info    0x00008dea      0x298 c:/program files/microchip/xc32/v4.21/bin/bin/../../lib/gcc/pic32c/8.3.1/../../../../pic32c/lib/thumb/v6-m/nofp\libpic32c.a(data_init_wrapper.o)
 .debug_info    0x00009082      0x299 c:/program files/microchip/xc32/v4.21/bin/bin/../../lib/gcc/pic32c/8.3.1/../../../../pic32c/lib/thumb/v6-m/nofp\libpic32c.a(data_init_0_1.o)
 .debug_info    0x0000931b      0x617 c:/program files/microchip/xc32/v4.21/bin/bin/../../lib/gcc/pic32c/8.3.1/../../../../pic32c/lib/thumb/v6-m/nofp\libc-musl.a(__libc_start_main.o)
 .debug_info    0x00009932      0x529 c:/program files/microchip/xc32/v4.21/bin/bin/../../lib/gcc/pic32c/8.3.1/../../../../pic32c/lib/thumb/v6-m/nofp\libc-musl.a(libc.o)
 .debug_info    0x00009e5b      0x2a3 c:/program files/microchip/xc32/v4.21/bin/bin/../../lib/gcc/pic32c/8.3.1/../../../../pic32c/lib/thumb/v6-m/nofp\libc-musl.a(__environ.o)

.debug_abbrev   0x00000000     0x17c6
 .debug_abbrev  0x00000000      0x1a9 build/default/production/_ext/1593096446/plib_nvmctrl.o
 .debug_abbrev  0x000001a9      0x39d build/default/production/_ext/504274921/plib_sercom0_usart.o
 .debug_abbrev  0x00000546      0x125 build/default/production/_ext/1360937237/main.o
 .debug_abbrev  0x0000066b       0xe9 build/default/production/_ext/1171490990/initialization.o
 .debug_abbrev  0x00000754       0xb5 build/default/production/_ext/1171490990/interrupts.o
 .debug_abbrev  0x00000809       0x3e build/default/production/_ext/1171490990/exceptions.o
 .debug_abbrev  0x00000847      0x1d6 build/default/production/_ext/1865521619/plib_port.o
 .debug_abbrev  0x00000a1d      0x13e build/default/production/_ext/1984496892/plib_clock.o
 .debug_abbrev  0x00000b5b      0x1fd build/default/production/_ext/1865468468/plib_nvic.o
 .debug_abbrev  0x00000d58      0x33f build/default/production/_ext/1865161661/plib_dmac.o
 .debug_abbrev  0x00001097      0x110 build/default/production/_ext/1171490990/startup_xc32.o
 .debug_abbrev  0x000011a7      0x39d build/default/production/_ext/504274921/plib_sercom5_usart.o
 .debug_abbrev  0x00001544       0x2e c:/program files/microchip/xc32/v4.21/bin/bin/../../lib/gcc/pic32c/8.3.1/../../../../pic32c/lib/thumb/v6-m/nofp\libpic32c.a(data_init_wrapper.o)
 .debug_abbrev  0x00001572       0x2e c:/program files/microchip/xc32/v4.21/bin/bin/../../lib/gcc/pic32c/8.3.1/../../../../pic32c/lib/thumb/v6-m/nofp\libpic32c.a(data_init_0_1.o)
 .debug_abbrev  0x000015a0      0x117 c:/program files/microchip/xc32/v4.21/bin/bin/../../lib/gcc/pic32c/8.3.1/../../../../pic32c/lib/thumb/v6-m/nofp\libc-musl.a(__libc_start_main.o)
 .debug_abbrev  0x000016b7       0xb8 c:/program files/microchip/xc32/v4.21/bin/bin/../../lib/gcc/pic32c/8.3.1/../../../../pic32c/lib/thumb/v6-m/nofp\libc-musl.a(libc.o)
 .debug_abbrev  0x0000176f       0x57 c:/program files/microchip/xc32/v4.21/bin/bin/../../lib/gcc/pic32c/8.3.1/../../../../pic32c/lib/thumb/v6-m/nofp\libc-musl.a(__environ.o)

.debug_loc      0x00000000     0x2591
 .debug_loc     0x00000000      0x689 build/default/production/_ext/1593096446/plib_nvmctrl.o
 .debug_loc     0x00000689      0x666 build/default/production/_ext/504274921/plib_sercom0_usart.o
 .debug_loc     0x00000cef       0xdf build/default/production/_ext/1360937237/main.o
 .debug_loc     0x00000dce       0x45 build/default/production/_ext/1171490990/initialization.o
 .debug_loc     0x00000e13      0x226 build/default/production/_ext/1865521619/plib_port.o
 .debug_loc     0x00001039       0x31 build/default/production/_ext/1984496892/plib_clock.o
 .debug_loc     0x0000106a      0x114 build/default/production/_ext/1865468468/plib_nvic.o
 .debug_loc     0x0000117e      0xd07 build/default/production/_ext/1865161661/plib_dmac.o
 .debug_loc     0x00001e85       0x20 build/default/production/_ext/1171490990/startup_xc32.o
 .debug_loc     0x00001ea5      0x666 build/default/production/_ext/504274921/plib_sercom5_usart.o
 .debug_loc     0x0000250b       0x14 c:/program files/microchip/xc32/v4.21/bin/bin/../../lib/gcc/pic32c/8.3.1/../../../../pic32c/lib/thumb/v6-m/nofp\libpic32c.a(data_init_wrapper.o)
 .debug_loc     0x0000251f       0x14 c:/program files/microchip/xc32/v4.21/bin/bin/../../lib/gcc/pic32c/8.3.1/../../../../pic32c/lib/thumb/v6-m/nofp\libpic32c.a(data_init_0_1.o)
 .debug_loc     0x00002533       0x5e c:/program files/microchip/xc32/v4.21/bin/bin/../../lib/gcc/pic32c/8.3.1/../../../../pic32c/lib/thumb/v6-m/nofp\libc-musl.a(__libc_start_main.o)

.debug_aranges  0x00000000      0x4d0
 .debug_aranges
                0x00000000       0xa0 build/default/production/_ext/1593096446/plib_nvmctrl.o
 .debug_aranges
                0x000000a0       0xb8 build/default/production/_ext/504274921/plib_sercom0_usart.o
 .debug_aranges
                0x00000158       0x28 build/default/production/_ext/1360937237/main.o
 .debug_aranges
                0x00000180       0x20 build/default/production/_ext/1171490990/initialization.o
 .debug_aranges
                0x000001a0       0x20 build/default/production/_ext/1171490990/interrupts.o
 .debug_aranges
                0x000001c0       0x28 build/default/production/_ext/1171490990/exceptions.o
 .debug_aranges
                0x000001e8       0x70 build/default/production/_ext/1865521619/plib_port.o
 .debug_aranges
                0x00000258       0x20 build/default/production/_ext/1984496892/plib_clock.o
 .debug_aranges
                0x00000278       0x38 build/default/production/_ext/1865468468/plib_nvic.o
 .debug_aranges
                0x000002b0       0xa8 build/default/production/_ext/1865161661/plib_dmac.o
 .debug_aranges
                0x00000358       0x28 build/default/production/_ext/1171490990/startup_xc32.o
 .debug_aranges
                0x00000380       0xb8 build/default/production/_ext/504274921/plib_sercom5_usart.o
 .debug_aranges
                0x00000438       0x20 c:/program files/microchip/xc32/v4.21/bin/bin/../../lib/gcc/pic32c/8.3.1/../../../../pic32c/lib/thumb/v6-m/nofp\libpic32c.a(data_init_wrapper.o)
 .debug_aranges
                0x00000458       0x20 c:/program files/microchip/xc32/v4.21/bin/bin/../../lib/gcc/pic32c/8.3.1/../../../../pic32c/lib/thumb/v6-m/nofp\libpic32c.a(data_init_0_1.o)
 .debug_aranges
                0x00000478       0x28 c:/program files/microchip/xc32/v4.21/bin/bin/../../lib/gcc/pic32c/8.3.1/../../../../pic32c/lib/thumb/v6-m/nofp\libc-musl.a(__libc_start_main.o)
 .debug_aranges
                0x000004a0       0x18 c:/program files/microchip/xc32/v4.21/bin/bin/../../lib/gcc/pic32c/8.3.1/../../../../pic32c/lib/thumb/v6-m/nofp\libc-musl.a(libc.o)
 .debug_aranges
                0x000004b8       0x18 c:/program files/microchip/xc32/v4.21/bin/bin/../../lib/gcc/pic32c/8.3.1/../../../../pic32c/lib/thumb/v6-m/nofp\libc-musl.a(__environ.o)

.debug_ranges   0x00000000      0x458
 .debug_ranges  0x00000000       0x90 build/default/production/_ext/1593096446/plib_nvmctrl.o
 .debug_ranges  0x00000090       0xd8 build/default/production/_ext/504274921/plib_sercom0_usart.o
 .debug_ranges  0x00000168       0x18 build/default/production/_ext/1360937237/main.o
 .debug_ranges  0x00000180       0x10 build/default/production/_ext/1171490990/initialization.o
 .debug_ranges  0x00000190       0x10 build/default/production/_ext/1171490990/interrupts.o
 .debug_ranges  0x000001a0       0x18 build/default/production/_ext/1171490990/exceptions.o
 .debug_ranges  0x000001b8       0x60 build/default/production/_ext/1865521619/plib_port.o
 .debug_ranges  0x00000218       0x28 build/default/production/_ext/1984496892/plib_clock.o
 .debug_ranges  0x00000240       0x28 build/default/production/_ext/1865468468/plib_nvic.o
 .debug_ranges  0x00000268       0xb0 build/default/production/_ext/1865161661/plib_dmac.o
 .debug_ranges  0x00000318       0x18 build/default/production/_ext/1171490990/startup_xc32.o
 .debug_ranges  0x00000330       0xd8 build/default/production/_ext/504274921/plib_sercom5_usart.o
 .debug_ranges  0x00000408       0x10 c:/program files/microchip/xc32/v4.21/bin/bin/../../lib/gcc/pic32c/8.3.1/../../../../pic32c/lib/thumb/v6-m/nofp\libpic32c.a(data_init_wrapper.o)
 .debug_ranges  0x00000418       0x10 c:/program files/microchip/xc32/v4.21/bin/bin/../../lib/gcc/pic32c/8.3.1/../../../../pic32c/lib/thumb/v6-m/nofp\libpic32c.a(data_init_0_1.o)
 .debug_ranges  0x00000428       0x30 c:/program files/microchip/xc32/v4.21/bin/bin/../../lib/gcc/pic32c/8.3.1/../../../../pic32c/lib/thumb/v6-m/nofp\libc-musl.a(__libc_start_main.o)

.debug_line     0x00000000     0x3159
 .debug_line    0x00000000      0x44e build/default/production/_ext/1593096446/plib_nvmctrl.o
 .debug_line    0x0000044e      0x8e2 build/default/production/_ext/504274921/plib_sercom0_usart.o
 .debug_line    0x00000d30      0x196 build/default/production/_ext/1360937237/main.o
 .debug_line    0x00000ec6      0x262 build/default/production/_ext/1171490990/initialization.o
 .debug_line    0x00001128       0xba build/default/production/_ext/1171490990/interrupts.o
 .debug_line    0x000011e2       0x6e build/default/production/_ext/1171490990/exceptions.o
 .debug_line    0x00001250      0x2aa build/default/production/_ext/1865521619/plib_port.o
 .debug_line    0x000014fa      0x1d4 build/default/production/_ext/1984496892/plib_clock.o
 .debug_line    0x000016ce      0x326 build/default/production/_ext/1865468468/plib_nvic.o
 .debug_line    0x000019f4      0x7dd build/default/production/_ext/1865161661/plib_dmac.o
 .debug_line    0x000021d1      0x157 build/default/production/_ext/1171490990/startup_xc32.o
 .debug_line    0x00002328      0x8e2 build/default/production/_ext/504274921/plib_sercom5_usart.o
 .debug_line    0x00002c0a       0xac c:/program files/microchip/xc32/v4.21/bin/bin/../../lib/gcc/pic32c/8.3.1/../../../../pic32c/lib/thumb/v6-m/nofp\libpic32c.a(data_init_wrapper.o)
 .debug_line    0x00002cb6      0x114 c:/program files/microchip/xc32/v4.21/bin/bin/../../lib/gcc/pic32c/8.3.1/../../../../pic32c/lib/thumb/v6-m/nofp\libpic32c.a(data_init_0_1.o)
 .debug_line    0x00002dca      0x1ca c:/program files/microchip/xc32/v4.21/bin/bin/../../lib/gcc/pic32c/8.3.1/../../../../pic32c/lib/thumb/v6-m/nofp\libc-musl.a(__libc_start_main.o)
 .debug_line    0x00002f94       0xbc c:/program files/microchip/xc32/v4.21/bin/bin/../../lib/gcc/pic32c/8.3.1/../../../../pic32c/lib/thumb/v6-m/nofp\libc-musl.a(libc.o)
 .debug_line    0x00003050      0x109 c:/program files/microchip/xc32/v4.21/bin/bin/../../lib/gcc/pic32c/8.3.1/../../../../pic32c/lib/thumb/v6-m/nofp\libc-musl.a(__environ.o)

.debug_str      0x00000000      0x3f7
 .debug_str     0x00000000       0x16 build/default/production/_ext/1593096446/plib_nvmctrl.o
 .debug_str     0x00000016      0x101 build/default/production/_ext/504274921/plib_sercom0_usart.o
 .debug_str     0x00000117       0x68 build/default/production/_ext/1360937237/main.o
 .debug_str     0x0000017f       0x86 build/default/production/_ext/1171490990/initialization.o
 .debug_str     0x00000205        0x0 build/default/production/_ext/1171490990/interrupts.o
 .debug_str     0x00000205        0x0 build/default/production/_ext/1171490990/exceptions.o
 .debug_str     0x00000205        0xb build/default/production/_ext/1865521619/plib_port.o
 .debug_str     0x00000210       0x28 build/default/production/_ext/1984496892/plib_clock.o
 .debug_str     0x00000238        0xa build/default/production/_ext/1865468468/plib_nvic.o
 .debug_str     0x00000242       0x85 build/default/production/_ext/1865161661/plib_dmac.o
 .debug_str     0x000002c7       0x2f build/default/production/_ext/1171490990/startup_xc32.o
 .debug_str     0x000002f6      0x101 build/default/production/_ext/504274921/plib_sercom5_usart.o
 .debug_str     0x000003f7        0x0 c:/program files/microchip/xc32/v4.21/bin/bin/../../lib/gcc/pic32c/8.3.1/../../../../pic32c/lib/thumb/v6-m/nofp\libpic32c.a(data_init_wrapper.o)
 .debug_str     0x000003f7        0x0 c:/program files/microchip/xc32/v4.21/bin/bin/../../lib/gcc/pic32c/8.3.1/../../../../pic32c/lib/thumb/v6-m/nofp\libpic32c.a(data_init_0_1.o)
 .debug_str     0x000003f7        0x0 c:/program files/microchip/xc32/v4.21/bin/bin/../../lib/gcc/pic32c/8.3.1/../../../../pic32c/lib/thumb/v6-m/nofp\libc-musl.a(__libc_start_main.o)
 .debug_str     0x000003f7        0x0 c:/program files/microchip/xc32/v4.21/bin/bin/../../lib/gcc/pic32c/8.3.1/../../../../pic32c/lib/thumb/v6-m/nofp\libc-musl.a(libc.o)
 .debug_str     0x000003f7        0x0 c:/program files/microchip/xc32/v4.21/bin/bin/../../lib/gcc/pic32c/8.3.1/../../../../pic32c/lib/thumb/v6-m/nofp\libc-musl.a(__environ.o)

.debug_frame    0x00000000      0x8dc
 .debug_frame   0x00000000      0x148 build/default/production/_ext/1593096446/plib_nvmctrl.o
 .debug_frame   0x00000148      0x18c build/default/production/_ext/504274921/plib_sercom0_usart.o
 .debug_frame   0x000002d4       0x48 build/default/production/_ext/1360937237/main.o
 .debug_frame   0x0000031c       0x28 build/default/production/_ext/1171490990/initialization.o
 .debug_frame   0x00000344       0x20 build/default/production/_ext/1171490990/interrupts.o
 .debug_frame   0x00000364       0x30 build/default/production/_ext/1171490990/exceptions.o
 .debug_frame   0x00000394       0xcc build/default/production/_ext/1865521619/plib_port.o
 .debug_frame   0x00000460       0x20 build/default/production/_ext/1984496892/plib_clock.o
 .debug_frame   0x00000480       0x5c build/default/production/_ext/1865468468/plib_nvic.o
 .debug_frame   0x000004dc      0x1ac build/default/production/_ext/1865161661/plib_dmac.o
 .debug_frame   0x00000688       0x38 build/default/production/_ext/1171490990/startup_xc32.o
 .debug_frame   0x000006c0      0x18c build/default/production/_ext/504274921/plib_sercom5_usart.o
 .debug_frame   0x0000084c       0x28 c:/program files/microchip/xc32/v4.21/bin/bin/../../lib/gcc/pic32c/8.3.1/../../../../pic32c/lib/thumb/v6-m/nofp\libpic32c.a(data_init_wrapper.o)
 .debug_frame   0x00000874       0x30 c:/program files/microchip/xc32/v4.21/bin/bin/../../lib/gcc/pic32c/8.3.1/../../../../pic32c/lib/thumb/v6-m/nofp\libpic32c.a(data_init_0_1.o)
 .debug_frame   0x000008a4       0x38 c:/program files/microchip/xc32/v4.21/bin/bin/../../lib/gcc/pic32c/8.3.1/../../../../pic32c/lib/thumb/v6-m/nofp\libc-musl.a(__libc_start_main.o)

.note.GNU-stack
                0x00000000        0x0
 .note.GNU-stack
                0x00000000        0x0 c:/program files/microchip/xc32/v4.21/bin/bin/../../lib/gcc/pic32c/8.3.1/../../../../pic32c/lib/thumb/v6-m/nofp\libc-musl.a(__libc_start_main.o)
 .note.GNU-stack
                0x00000000        0x0 c:/program files/microchip/xc32/v4.21/bin/bin/../../lib/gcc/pic32c/8.3.1/../../../../pic32c/lib/thumb/v6-m/nofp\libc-musl.a(libc.o)
 .note.GNU-stack
                0x00000000        0x0 c:/program files/microchip/xc32/v4.21/bin/bin/../../lib/gcc/pic32c/8.3.1/../../../../pic32c/lib/thumb/v6-m/nofp\libc-musl.a(__environ.o)

.stack          0x20000330      0x100
 .stack         0x20000330      0x100 stack

.bss%1          0x20000000       0x50
 .bss           0x20000000       0x50 c:/program files/microchip/xc32/v4.21/bin/bin/../../lib/gcc/pic32c/8.3.1/../../../../pic32c/lib/thumb/v6-m/nofp\libc-musl.a(libc.o)
                0x20000000                __progname_full
                0x20000000                program_invocation_name
                0x20000004                program_invocation_short_name
                0x20000004                __progname
                0x20000008                __sysinfo
                0x2000000c                __hwcap
                0x20000010                __libc

.bss.sercom0USARTObj%2
                0x20000050       0x30
 .bss.sercom0USARTObj
                0x20000050       0x30 build/default/production/_ext/504274921/plib_sercom0_usart.o

.bss.sercom5USARTObj%3
                0x20000080       0x30
 .bss.sercom5USARTObj
                0x20000080       0x30 build/default/production/_ext/504274921/plib_sercom5_usart.o

.bss%4          0x200000b0       0x1c
 .bss           0x200000b0       0x1c c:/program files/microchip/xc32/v4.21/bin/bin/../../lib/gcc/pic32c/8.3.1/thumb/v6-m/nofp/crtbegin.o

.bss.descriptor_section%5
                0x200000d0       0x10
 .bss.descriptor_section
                0x200000d0       0x10 build/default/production/_ext/1865161661/plib_dmac.o

.bss.dmacChannelObj%6
                0x200000e0       0x10
 .bss.dmacChannelObj
                0x200000e0       0x10 build/default/production/_ext/1865161661/plib_dmac.o

.bss.write_back_section%7
                0x200000f0       0x10
 .bss.write_back_section
                0x200000f0       0x10 build/default/production/_ext/1865161661/plib_dmac.o

.bss.RX_DATA%8  0x20000100        0x5
 .bss.RX_DATA   0x20000100        0x5 build/default/production/_ext/1360937237/main.o
                0x20000100                RX_DATA

.bss.RX_DATA2%9
                0x20000108        0x5
 .bss.RX_DATA2  0x20000108        0x5 build/default/production/_ext/1360937237/main.o
                0x20000108                RX_DATA2

.bss%10         0x200000cc        0x4
 .bss           0x200000cc        0x4 c:/program files/microchip/xc32/v4.21/bin/bin/../../lib/gcc/pic32c/8.3.1/../../../../pic32c/lib/thumb/v6-m/nofp\libpic32c.a(data_init_0_1.o)

.bss%11         0x20000110        0x4
 .bss           0x20000110        0x4 c:/program files/microchip/xc32/v4.21/bin/bin/../../lib/gcc/pic32c/8.3.1/../../../../pic32c/lib/thumb/v6-m/nofp\libc-musl.a(__environ.o)
                0x20000110                __environ
                0x20000110                environ
                0x20000110                ___environ
                0x20000110                _environ

.bss.completeStatus%12
                0x20000105        0x1
 .bss.completeStatus
                0x20000105        0x1 build/default/production/_ext/1360937237/main.o
                0x20000105                completeStatus

.bss.errorStatus%13
                0x20000106        0x1
 .bss.errorStatus
                0x20000106        0x1 build/default/production/_ext/1360937237/main.o
                0x20000106                errorStatus

.eh_frame%z1    0x00000000        0x0
 .eh_frame      0x00000000        0x0 c:/program files/microchip/xc32/v4.21/bin/bin/../../lib/gcc/pic32c/8.3.1/thumb/v6-m/nofp/crtbegin.o

.config_00804000.__config_00804000%14
                0x00804000        0x4
 .config_00804000.__config_00804000
                0x00804000        0x4 build/default/production/_ext/1171490990/initialization.o
                0x00804000                __config_00804000

.config_00804004.__config_00804004%15
                0x00804004        0x4
 .config_00804004.__config_00804004
                0x00804004        0x4 build/default/production/_ext/1171490990/initialization.o
                0x00804004                __config_00804004

.text.SERCOM0_USART_InterruptHandler%16
                0x000000d8      0x16c
 .text.SERCOM0_USART_InterruptHandler
                0x000000d8      0x16c build/default/production/_ext/504274921/plib_sercom0_usart.o
                0x000000d8                SERCOM0_USART_InterruptHandler

.text.SERCOM5_USART_InterruptHandler%17
                0x00000244      0x16c
 .text.SERCOM5_USART_InterruptHandler
                0x00000244      0x16c build/default/production/_ext/504274921/plib_sercom5_usart.o
                0x00000244                SERCOM5_USART_InterruptHandler

.text.DMAC_ChannelTransfer%18
                0x000003b0       0xc8
 .text.DMAC_ChannelTransfer
                0x000003b0       0xc8 build/default/production/_ext/1865161661/plib_dmac.o
                0x000003b0                DMAC_ChannelTransfer

.dinit%19       0x00000478       0xb0
 .dinit         0x00000478       0xb0 data_init

.text.CLOCK_Initialize%20
                0x00000528       0x94
 .text.CLOCK_Initialize
                0x00000528       0x94 build/default/production/_ext/1984496892/plib_clock.o
                0x00000528                CLOCK_Initialize

.text.DMAC_InterruptHandler%21
                0x000005bc       0x7c
 .text.DMAC_InterruptHandler
                0x000005bc       0x7c build/default/production/_ext/1865161661/plib_dmac.o
                0x000005bc                DMAC_InterruptHandler

.text.SERCOM5_USART_Write%22
                0x00000638       0x74
 .text.SERCOM5_USART_Write
                0x00000638       0x74 build/default/production/_ext/504274921/plib_sercom5_usart.o
                0x00000638                SERCOM5_USART_Write

.text.__pic32c_data_initialization_impl%23
                0x000006ac       0x70
 .text.__pic32c_data_initialization_impl
                0x000006ac       0x70 c:/program files/microchip/xc32/v4.21/bin/bin/../../lib/gcc/pic32c/8.3.1/../../../../pic32c/lib/thumb/v6-m/nofp\libpic32c.a(data_init_0_1.o)
                0x000006ac                __copy_needed
                0x000006ac                __pic32c_data_initialization_impl

.text.__libc_start_init%24
                0x0000071c       0x5c
 .text.__libc_start_init
                0x0000071c       0x5c c:/program files/microchip/xc32/v4.21/bin/bin/../../lib/gcc/pic32c/8.3.1/../../../../pic32c/lib/thumb/v6-m/nofp\libc-musl.a(__libc_start_main.o)
                0x0000071c                __libc_init_array

.text.NVIC_Initialize%25
                0x00000778       0x58
 .text.NVIC_Initialize
                0x00000778       0x58 build/default/production/_ext/1865468468/plib_nvic.o
                0x00000778                NVIC_Initialize

.text.DMAC_Initialize%26
                0x000007d0       0x58
 .text.DMAC_Initialize
                0x000007d0       0x58 build/default/production/_ext/1865161661/plib_dmac.o
                0x000007d0                DMAC_Initialize

.text.SERCOM0_USART_Initialize%27
                0x00000828       0x54
 .text.SERCOM0_USART_Initialize
                0x00000828       0x54 build/default/production/_ext/504274921/plib_sercom0_usart.o
                0x00000828                SERCOM0_USART_Initialize

.text.SERCOM5_USART_Initialize%28
                0x0000087c       0x54
 .text.SERCOM5_USART_Initialize
                0x0000087c       0x54 build/default/production/_ext/504274921/plib_sercom5_usart.o
                0x0000087c                SERCOM5_USART_Initialize

.text%29        0x000008d0       0x48
 .text          0x000008d0       0x48 c:/program files/microchip/xc32/v4.21/bin/bin/../../lib/gcc/pic32c/8.3.1/thumb/v6-m/nofp/crtbegin.o

.text.Reset_Handler%30
                0x00000918       0x48
 .text.Reset_Handler
                0x00000918       0x48 build/default/production/_ext/1171490990/startup_xc32.o
                0x00000918                Reset_Handler

.text.SERCOM0_USART_Read%31
                0x00000960       0x44
 .text.SERCOM0_USART_Read
                0x00000960       0x44 build/default/production/_ext/504274921/plib_sercom0_usart.o
                0x00000960                SERCOM0_USART_Read

.text.main%32   0x000009a4       0x3c
 .text.main     0x000009a4       0x3c build/default/production/_ext/1360937237/main.o
                0x000009a4                main

.text.APP_Callback%33
                0x000009e0       0x38
 .text.APP_Callback
                0x000009e0       0x38 build/default/production/_ext/1360937237/main.o
                0x000009e0                APP_Callback

.text.SERCOM0_USART_ErrorClear%34
                0x00000a18       0x2c
 .text.SERCOM0_USART_ErrorClear
                0x00000a18       0x2c build/default/production/_ext/504274921/plib_sercom0_usart.o

.text.SYS_Initialize%35
                0x00000a44       0x2c
 .text.SYS_Initialize
                0x00000a44       0x2c build/default/production/_ext/1171490990/initialization.o
                0x00000a44                SYS_Initialize

.text.PORT_Initialize%36
                0x00000a70       0x2c
 .text.PORT_Initialize
                0x00000a70       0x2c build/default/production/_ext/1865521619/plib_port.o
                0x00000a70                PORT_Initialize

.text.SERCOM5_USART_ErrorClear%37
                0x00000a9c       0x2c
 .text.SERCOM5_USART_ErrorClear
                0x00000a9c       0x2c build/default/production/_ext/504274921/plib_sercom5_usart.o

.text.DMAC_ChannelCallbackRegister%38
                0x00000ac8       0x10
 .text.DMAC_ChannelCallbackRegister
                0x00000ac8       0x10 build/default/production/_ext/1865161661/plib_dmac.o
                0x00000ac8                DMAC_ChannelCallbackRegister

.text.NVMCTRL_Initialize%39
                0x00000ad8        0xc
 .text.NVMCTRL_Initialize
                0x00000ad8        0xc build/default/production/_ext/1593096446/plib_nvmctrl.o
                0x00000ad8                NVMCTRL_Initialize

.text.__pic32c_data_initialization%40
                0x00000ae4        0x8
 .text.__pic32c_data_initialization
                0x00000ae4        0x8 c:/program files/microchip/xc32/v4.21/bin/bin/../../lib/gcc/pic32c/8.3.1/../../../../pic32c/lib/thumb/v6-m/nofp\libpic32c.a(data_init_wrapper.o)
                0x00000ae4                __pic32c_data_initialization

.text.Dummy_Handler%41
                0x00000aec        0x2
 .text.Dummy_Handler
                0x00000aec        0x2 build/default/production/_ext/1171490990/interrupts.o
                0x00000aec                SVCall_Handler
                0x00000aec                AC_Handler
                0x00000aec                SysTick_Handler
                0x00000aec                PendSV_Handler
                0x00000aec                SERCOM1_Handler
                0x00000aec                ADC_Handler
                0x00000aec                TCC1_Handler
                0x00000aec                SERCOM2_Handler
                0x00000aec                TCC0_Handler
                0x00000aec                RTC_Handler
                0x00000aec                EIC_Handler
                0x00000aec                WDT_Handler
                0x00000aec                TC4_Handler
                0x00000aec                USB_Handler
                0x00000aec                TC3_Handler
                0x00000aec                Dummy_Handler
                0x00000aec                PM_Handler
                0x00000aec                TCC3_Handler
                0x00000aec                TCC2_Handler
                0x00000aec                EVSYS_Handler
                0x00000aec                SERCOM3_Handler
                0x00000aec                SERCOM4_Handler
                0x00000aec                I2S_Handler
                0x00000aec                NVMCTRL_Handler
                0x00000aec                DAC_Handler
                0x00000aec                PTC_Handler
                0x00000aec                TC5_Handler
                0x00000aec                SYSCTRL_Handler

.text.NonMaskableInt_Handler%42
                0x00000aee        0x2
 .text.NonMaskableInt_Handler
                0x00000aee        0x2 build/default/production/_ext/1171490990/exceptions.o
                0x00000aee                NonMaskableInt_Handler

.text.HardFault_Handler%43
                0x00000af0        0x2
 .text.HardFault_Handler
                0x00000af0        0x2 build/default/production/_ext/1171490990/exceptions.o
                0x00000af0                HardFault_Handler

.text.Dummy_App_Func%44
                0x00000af2        0x2
 .text.Dummy_App_Func
                0x00000af2        0x2 build/default/production/_ext/1171490990/startup_xc32.o
                0x00000af2                _on_reset
                0x00000af2                _on_bootstrap
                0x00000af2                __xc32_on_reset
                0x00000af2                Dummy_App_Func
                0x00000af2                __xc32_on_bootstrap

.text.__dummy%45
                0x00000af4        0x2
 .text.__dummy  0x00000af4        0x2 c:/program files/microchip/xc32/v4.21/bin/bin/../../lib/gcc/pic32c/8.3.1/../../../../pic32c/lib/thumb/v6-m/nofp\libc-musl.a(__libc_start_main.o)
                0x00000af4                __init_stdio
                0x00000af4                __init_host
